Archive member included to satisfy reference by file (symbol)

/home/cuibapcuatui/st/stm32cubeide_1.15.1/plugins/com.st.stm32cube.ide.mcu.externaltools.gnu-tools-for-stm32.12.3.rel1.linux64_1.0.100.202403111256/tools/bin/../lib/gcc/arm-none-eabi/12.3.1/../../../../arm-none-eabi/lib/thumb/v7e-m+fp/hard/libc_nano.a(libc_a-exit.o)
                              /home/cuibapcuatui/st/stm32cubeide_1.15.1/plugins/com.st.stm32cube.ide.mcu.externaltools.gnu-tools-for-stm32.12.3.rel1.linux64_1.0.100.202403111256/tools/bin/../lib/gcc/arm-none-eabi/12.3.1/../../../../arm-none-eabi/lib/thumb/v7e-m+fp/hard/crt0.o (exit)
/home/cuibapcuatui/st/stm32cubeide_1.15.1/plugins/com.st.stm32cube.ide.mcu.externaltools.gnu-tools-for-stm32.12.3.rel1.linux64_1.0.100.202403111256/tools/bin/../lib/gcc/arm-none-eabi/12.3.1/../../../../arm-none-eabi/lib/thumb/v7e-m+fp/hard/libc_nano.a(libc_a-findfp.o)
                              ./Middlewares/Third_Party/FreeRTOS/Source/tasks.o (__sf)
/home/cuibapcuatui/st/stm32cubeide_1.15.1/plugins/com.st.stm32cube.ide.mcu.externaltools.gnu-tools-for-stm32.12.3.rel1.linux64_1.0.100.202403111256/tools/bin/../lib/gcc/arm-none-eabi/12.3.1/../../../../arm-none-eabi/lib/thumb/v7e-m+fp/hard/libc_nano.a(libc_a-fwalk.o)
                              /home/cuibapcuatui/st/stm32cubeide_1.15.1/plugins/com.st.stm32cube.ide.mcu.externaltools.gnu-tools-for-stm32.12.3.rel1.linux64_1.0.100.202403111256/tools/bin/../lib/gcc/arm-none-eabi/12.3.1/../../../../arm-none-eabi/lib/thumb/v7e-m+fp/hard/libc_nano.a(libc_a-findfp.o) (_fwalk_sglue)
/home/cuibapcuatui/st/stm32cubeide_1.15.1/plugins/com.st.stm32cube.ide.mcu.externaltools.gnu-tools-for-stm32.12.3.rel1.linux64_1.0.100.202403111256/tools/bin/../lib/gcc/arm-none-eabi/12.3.1/../../../../arm-none-eabi/lib/thumb/v7e-m+fp/hard/libc_nano.a(libc_a-snprintf.o)
                              ./Core/Src/KeyPad.o (snprintf)
/home/cuibapcuatui/st/stm32cubeide_1.15.1/plugins/com.st.stm32cube.ide.mcu.externaltools.gnu-tools-for-stm32.12.3.rel1.linux64_1.0.100.202403111256/tools/bin/../lib/gcc/arm-none-eabi/12.3.1/../../../../arm-none-eabi/lib/thumb/v7e-m+fp/hard/libc_nano.a(libc_a-stdio.o)
                              /home/cuibapcuatui/st/stm32cubeide_1.15.1/plugins/com.st.stm32cube.ide.mcu.externaltools.gnu-tools-for-stm32.12.3.rel1.linux64_1.0.100.202403111256/tools/bin/../lib/gcc/arm-none-eabi/12.3.1/../../../../arm-none-eabi/lib/thumb/v7e-m+fp/hard/libc_nano.a(libc_a-findfp.o) (__sread)
/home/cuibapcuatui/st/stm32cubeide_1.15.1/plugins/com.st.stm32cube.ide.mcu.externaltools.gnu-tools-for-stm32.12.3.rel1.linux64_1.0.100.202403111256/tools/bin/../lib/gcc/arm-none-eabi/12.3.1/../../../../arm-none-eabi/lib/thumb/v7e-m+fp/hard/libc_nano.a(libc_a-memset.o)
                              /home/cuibapcuatui/st/stm32cubeide_1.15.1/plugins/com.st.stm32cube.ide.mcu.externaltools.gnu-tools-for-stm32.12.3.rel1.linux64_1.0.100.202403111256/tools/bin/../lib/gcc/arm-none-eabi/12.3.1/../../../../arm-none-eabi/lib/thumb/v7e-m+fp/hard/crt0.o (memset)
/home/cuibapcuatui/st/stm32cubeide_1.15.1/plugins/com.st.stm32cube.ide.mcu.externaltools.gnu-tools-for-stm32.12.3.rel1.linux64_1.0.100.202403111256/tools/bin/../lib/gcc/arm-none-eabi/12.3.1/../../../../arm-none-eabi/lib/thumb/v7e-m+fp/hard/libc_nano.a(libc_a-closer.o)
                              /home/cuibapcuatui/st/stm32cubeide_1.15.1/plugins/com.st.stm32cube.ide.mcu.externaltools.gnu-tools-for-stm32.12.3.rel1.linux64_1.0.100.202403111256/tools/bin/../lib/gcc/arm-none-eabi/12.3.1/../../../../arm-none-eabi/lib/thumb/v7e-m+fp/hard/libc_nano.a(libc_a-stdio.o) (_close_r)
/home/cuibapcuatui/st/stm32cubeide_1.15.1/plugins/com.st.stm32cube.ide.mcu.externaltools.gnu-tools-for-stm32.12.3.rel1.linux64_1.0.100.202403111256/tools/bin/../lib/gcc/arm-none-eabi/12.3.1/../../../../arm-none-eabi/lib/thumb/v7e-m+fp/hard/libc_nano.a(libc_a-reent.o)
                              ./Middlewares/Third_Party/FreeRTOS/Source/tasks.o (_reclaim_reent)
/home/cuibapcuatui/st/stm32cubeide_1.15.1/plugins/com.st.stm32cube.ide.mcu.externaltools.gnu-tools-for-stm32.12.3.rel1.linux64_1.0.100.202403111256/tools/bin/../lib/gcc/arm-none-eabi/12.3.1/../../../../arm-none-eabi/lib/thumb/v7e-m+fp/hard/libc_nano.a(libc_a-impure.o)
                              ./Middlewares/Third_Party/FreeRTOS/Source/tasks.o (_impure_ptr)
/home/cuibapcuatui/st/stm32cubeide_1.15.1/plugins/com.st.stm32cube.ide.mcu.externaltools.gnu-tools-for-stm32.12.3.rel1.linux64_1.0.100.202403111256/tools/bin/../lib/gcc/arm-none-eabi/12.3.1/../../../../arm-none-eabi/lib/thumb/v7e-m+fp/hard/libc_nano.a(libc_a-lseekr.o)
                              /home/cuibapcuatui/st/stm32cubeide_1.15.1/plugins/com.st.stm32cube.ide.mcu.externaltools.gnu-tools-for-stm32.12.3.rel1.linux64_1.0.100.202403111256/tools/bin/../lib/gcc/arm-none-eabi/12.3.1/../../../../arm-none-eabi/lib/thumb/v7e-m+fp/hard/libc_nano.a(libc_a-stdio.o) (_lseek_r)
[...]
Memory Configuration

Name             Origin             Length             Attributes
RAM              0x20000000         0x00020000         xrw
FLASH            0x08000000         0x00080000         xr
*default*        0x00000000         0xffffffff

Linker script and memory map

LOAD /home/cuibapcuatui/st/stm32cubeide_1.15.1/plugins/com.st.stm32cube.ide.mcu.externaltools.gnu-tools-for-stm32.12.3.rel1.linux64_1.0.100.202403111256/tools/bin/../lib/gcc/arm-none-eabi/12.3.1/thumb/v7e-m+fp/hard/crti.o
LOAD /home/cuibapcuatui/st/stm32cubeide_1.15.1/plugins/com.st.stm32cube.ide.mcu.externaltools.gnu-tools-for-stm32.12.3.rel1.linux64_1.0.100.202403111256/tools/bin/../lib/gcc/arm-none-eabi/12.3.1/thumb/v7e-m+fp/hard/crtbegin.o
LOAD /home/cuibapcuatui/st/stm32cubeide_1.15.1/plugins/com.st.stm32cube.ide.mcu.externaltools.gnu-tools-for-stm32.12.3.rel1.linux64_1.0.100.202403111256/tools/bin/../lib/gcc/arm-none-eabi/12.3.1/../../../../arm-none-eabi/lib/thumb/v7e-m+fp/hard/crt0.o
LOAD ./Core/Src/KeyPad.o
LOAD ./Core/Src/LED3x6.o
LOAD ./Core/Src/SPI_shift.o
LOAD ./Core/Src/freertos.o
LOAD ./Core/Src/main.o
LOAD ./Core/Src/stm32f4xx_hal_msp.o
LOAD ./Core/Src/stm32f4xx_hal_timebase_tim.o
LOAD ./Core/Src/stm32f4xx_it.o
LOAD ./Core/Src/syscalls.o
LOAD ./Core/Src/sysmem.o
LOAD ./Core/Src/system_stm32f4xx.o
LOAD ./Core/Startup/startup_stm32f411retx.o
LOAD ./Drivers/STM32F4xx_HAL_Driver/Src/stm32f4xx_hal.o
LOAD ./Drivers/STM32F4xx_HAL_Driver/Src/stm32f4xx_hal_cortex.o
LOAD ./Drivers/STM32F4xx_HAL_Driver/Src/stm32f4xx_hal_dma.o
LOAD ./Drivers/STM32F4xx_HAL_Driver/Src/stm32f4xx_hal_dma_ex.o
LOAD ./Drivers/STM32F4xx_HAL_Driver/Src/stm32f4xx_hal_exti.o
LOAD ./Drivers/STM32F4xx_HAL_Driver/Src/stm32f4xx_hal_flash.o
LOAD ./Drivers/STM32F4xx_HAL_Driver/Src/stm32f4xx_hal_flash_ex.o
LOAD ./Drivers/STM32F4xx_HAL_Driver/Src/stm32f4xx_hal_flash_ramfunc.o
LOAD ./Drivers/STM32F4xx_HAL_Driver/Src/stm32f4xx_hal_gpio.o
LOAD ./Drivers/STM32F4xx_HAL_Driver/Src/stm32f4xx_hal_pwr.o
LOAD ./Drivers/STM32F4xx_HAL_Driver/Src/stm32f4xx_hal_pwr_ex.o
LOAD ./Drivers/STM32F4xx_HAL_Driver/Src/stm32f4xx_hal_rcc.o
LOAD ./Drivers/STM32F4xx_HAL_Driver/Src/stm32f4xx_hal_rcc_ex.o
LOAD ./Drivers/STM32F4xx_HAL_Driver/Src/stm32f4xx_hal_spi.o
LOAD ./Drivers/STM32F4xx_HAL_Driver/Src/stm32f4xx_hal_tim.o
LOAD ./Drivers/STM32F4xx_HAL_Driver/Src/stm32f4xx_hal_tim_ex.o
LOAD ./Middlewares/Third_Party/FreeRTOS/Source/CMSIS_RTOS_V2/cmsis_os2.o
LOAD ./Middlewares/Third_Party/FreeRTOS/Source/croutine.o
LOAD ./Middlewares/Third_Party/FreeRTOS/Source/event_groups.o
LOAD ./Middlewares/Third_Party/FreeRTOS/Source/list.o
LOAD ./Middlewares/Third_Party/FreeRTOS/Source/queue.o
LOAD ./Middlewares/Third_Party/FreeRTOS/Source/stream_buffer.o
LOAD ./Middlewares/Third_Party/FreeRTOS/Source/tasks.o
LOAD ./Middlewares/Third_Party/FreeRTOS/Source/timers.o
LOAD ./Middlewares/Third_Party/FreeRTOS/Source/portable/GCC/ARM_CM4F/port.o
LOAD ./Middlewares/Third_Party/FreeRTOS/Source/portable/MemMang/heap_4.o
START GROUP
LOAD /home/cuibapcuatui/st/stm32cubeide_1.15.1/plugins/com.st.stm32cube.ide.mcu.externaltools.gnu-tools-for-stm32.12.3.rel1.linux64_1.0.100.202403111256/tools/bin/../lib/gcc/arm-none-eabi/12.3.1/../../../../arm-none-eabi/lib/thumb/v7e-m+fp/hard/libc_nano.a
LOAD /home/cuibapcuatui/st/stm32cubeide_1.15.1/plugins/com.st.stm32cube.ide.mcu.externaltools.gnu-tools-for-stm32.12.3.rel1.linux64_1.0.100.202403111256/tools/bin/../lib/gcc/arm-none-eabi/12.3.1/../../../../arm-none-eabi/lib/thumb/v7e-m+fp/hard/libm.a
END GROUP
START GROUP
LOAD /home/cuibapcuatui/st/stm32cubeide_1.15.1/plugins/com.st.stm32cube.ide.mcu.externaltools.gnu-tools-for-stm32.12.3.rel1.linux64_1.0.100.202403111256/tools/bin/../lib/gcc/arm-none-eabi/12.3.1/thumb/v7e-m+fp/hard/libgcc.a
LOAD /home/cuibapcuatui/st/stm32cubeide_1.15.1/plugins/com.st.stm32cube.ide.mcu.externaltools.gnu-tools-for-stm32.12.3.rel1.linux64_1.0.100.202403111256/tools/bin/../lib/gcc/arm-none-eabi/12.3.1/../../../../arm-none-eabi/lib/thumb/v7e-m+fp/hard/libc_nano.a
END GROUP
START GROUP
LOAD /home/cuibapcuatui/st/stm32cubeide_1.15.1/plugins/com.st.stm32cube.ide.mcu.externaltools.gnu-tools-for-stm32.12.3.rel1.linux64_1.0.100.202403111256/tools/bin/../lib/gcc/arm-none-eabi/12.3.1/thumb/v7e-m+fp/hard/libgcc.a
LOAD /home/cuibapcuatui/st/stm32cubeide_1.15.1/plugins/com.st.stm32cube.ide.mcu.externaltools.gnu-tools-for-stm32.12.3.rel1.linux64_1.0.100.202403111256/tools/bin/../lib/gcc/arm-none-eabi/12.3.1/../../../../arm-none-eabi/lib/thumb/v7e-m+fp/hard/libc_nano.a
LOAD /home/cuibapcuatui/st/stm32cubeide_1.15.1/plugins/com.st.stm32cube.ide.mcu.externaltools.gnu-tools-for-stm32.12.3.rel1.linux64_1.0.100.202403111256/tools/bin/../lib/gcc/arm-none-eabi/12.3.1/../../../../arm-none-eabi/lib/thumb/v7e-m+fp/hard/libnosys.a
END GROUP
START GROUP
LOAD /home/cuibapcuatui/st/stm32cubeide_1.15.1/plugins/com.st.stm32cube.ide.mcu.externaltools.gnu-tools-for-stm32.12.3.rel1.linux64_1.0.100.202403111256/tools/bin/../lib/gcc/arm-none-eabi/12.3.1/thumb/v7e-m+fp/hard/libgcc.a
LOAD /home/cuibapcuatui/st/stm32cubeide_1.15.1/plugins/com.st.stm32cube.ide.mcu.externaltools.gnu-tools-for-stm32.12.3.rel1.linux64_1.0.100.202403111256/tools/bin/../lib/gcc/arm-none-eabi/12.3.1/../../../../arm-none-eabi/lib/thumb/v7e-m+fp/hard/libc_nano.a
LOAD /home/cuibapcuatui/st/stm32cubeide_1.15.1/plugins/com.st.stm32cube.ide.mcu.externaltools.gnu-tools-for-stm32.12.3.rel1.linux64_1.0.100.202403111256/tools/bin/../lib/gcc/arm-none-eabi/12.3.1/../../../../arm-none-eabi/lib/thumb/v7e-m+fp/hard/libnosys.a
END GROUP
LOAD /home/cuibapcuatui/st/stm32cubeide_1.15.1/plugins/com.st.stm32cube.ide.mcu.externaltools.gnu-tools-for-stm32.12.3.rel1.linux64_1.0.100.202403111256/tools/bin/../lib/gcc/arm-none-eabi/12.3.1/thumb/v7e-m+fp/hard/crtend.o
LOAD /home/cuibapcuatui/st/stm32cubeide_1.15.1/plugins/com.st.stm32cube.ide.mcu.externaltools.gnu-tools-for-stm32.12.3.rel1.linux64_1.0.100.202403111256/tools/bin/../lib/gcc/arm-none-eabi/12.3.1/thumb/v7e-m+fp/hard/crtn.o
                0x20020000                        _estack = (ORIGIN (RAM) + LENGTH (RAM))
                0x00000200                        _Min_Heap_Size = 0x200
                0x00000400                        _Min_Stack_Size = 0x400

.isr_vector     0x08000000      0x198
                0x08000000                        . = ALIGN (0x4)
 *(.isr_vector)
 .isr_vector    0x08000000      0x198 ./Core/Startup/startup_stm32f411retx.o
                0x08000000                g_pfnVectors
                0x08000198                        . = ALIGN (0x4)

.text           0x080001a0     0x6e14
                0x080001a0                        . = ALIGN (0x4)
 *(.text)
 .text          0x080001a0       0x40 /home/cuibapcuatui/st/stm32cubeide_1.15.1/plugins/com.st.stm32cube.ide.mcu.externaltools.gnu-tools-for-stm32.12.3.rel1.linux64_1.0.100.202403111256/tools/bin/../lib/gcc/arm-none-eabi/12.3.1/thumb/v7e-m+fp/hard/crtbegin.o
 .text          0x080001e0       0x10 /home/cuibapcuatui/st/stm32cubeide_1.15.1/plugins/com.st.stm32cube.ide.mcu.externaltools.gnu-tools-for-stm32.12.3.rel1.linux64_1.0.100.202403111256/tools/bin/../lib/gcc/arm-none-eabi/12.3.1/../../../../arm-none-eabi/lib/thumb/v7e-m+fp/hard/libc_nano.a(libc_a-strlen.o)
                0x080001e0                strlen
 .text          0x080001f0       0xa0 /home/cuibapcuatui/st/stm32cubeide_1.15.1/plugins/com.st.stm32cube.ide.mcu.externaltools.gnu-tools-for-stm32.12.3.rel1.linux64_1.0.100.202403111256/tools/bin/../lib/gcc/arm-none-eabi/12.3.1/../../../../arm-none-eabi/lib/thumb/v7e-m+fp/hard/libc_nano.a(libc_a-memchr.o)
                0x080001f0                memchr
 .text          0x08000290       0x30 /home/cuibapcuatui/st/stm32cubeide_1.15.1/plugins/com.st.stm32cube.ide.mcu.externaltools.gnu-tools-for-stm32.12.3.rel1.linux64_1.0.100.202403111256/tools/bin/../lib/gcc/arm-none-eabi/12.3.1/thumb/v7e-m+fp/hard/libgcc.a(_aeabi_uldivmod.o)
                0x08000290                __aeabi_uldivmod
 .text          0x080002c0      0x2bc /home/cuibapcuatui/st/stm32cubeide_1.15.1/plugins/com.st.stm32cube.ide.mcu.externaltools.gnu-tools-for-stm32.12.3.rel1.linux64_1.0.100.202403111256/tools/bin/../lib/gcc/arm-none-eabi/12.3.1/thumb/v7e-m+fp/hard/libgcc.a(_udivmoddi4.o)
                0x080002c0                __udivmoddi4
 .text          0x0800057c        0x4 /home/cuibapcuatui/st/stm32cubeide_1.15.1/plugins/com.st.stm32cube.ide.mcu.externaltools.gnu-tools-for-stm32.12.3.rel1.linux64_1.0.100.202403111256/tools/bin/../lib/gcc/arm-none-eabi/12.3.1/thumb/v7e-m+fp/hard/libgcc.a(_dvmd_tls.o)
                0x0800057c                __aeabi_ldiv0
                0x0800057c                __aeabi_idiv0
 *(.text*)
 .text.ScanColumns
                0x08000580      0x1b4 ./Core/Src/KeyPad.o
                0x08000580                ScanColumns
 .text.KeyPad_Scan
                0x08000734       0xc0 ./Core/Src/KeyPad.o
                0x08000734                KeyPad_Scan
 .text.formatTotalLiters
                0x080007f4       0x9c ./Core/Src/KeyPad.o
                0x080007f4                formatTotalLiters
 .text.formatTotalLitersShift
                0x08000890       0x70 ./Core/Src/KeyPad.o
                0x08000890                formatTotalLitersShift
 .text.KeyLogic
                0x08000900      0x738 ./Core/Src/KeyPad.o
                0x08000900                KeyLogic
 .text.KeyLogic_Action
                0x08001038      0x48c ./Core/Src/KeyPad.o
                0x08001038                KeyLogic_Action
 .text.CharToSegment
                0x080014c4      0x104 ./Core/Src/LED3x6.o
                0x080014c4                CharToSegment
 .text.SevenSegLEDsHandler
                0x080015c8       0x94 ./Core/Src/LED3x6.o
                0x080015c8                SevenSegLEDsHandler
 .text.UpdateDisplayBuffer
                0x0800165c      0x1d0 ./Core/Src/LED3x6.o
                0x0800165c                UpdateDisplayBuffer
 .text.SevenSegLEDsScan
                0x0800182c       0x90 ./Core/Src/LED3x6.o
                0x0800182c                SevenSegLEDsScan
 .text.ShiftOut_SPI
                0x080018bc       0xac ./Core/Src/SPI_shift.o
                0x080018bc                ShiftOut_SPI
 .text.main     0x08001968       0x5c ./Core/Src/main.o
                0x08001968                main
 .text.SystemClock_Config
                0x080019c4       0xd0 ./Core/Src/main.o
                0x080019c4                SystemClock_Config
 .text.MX_SPI1_Init
                0x08001a94       0x6c ./Core/Src/main.o
 .text.MX_SPI2_Init
                0x08001b00       0x6c ./Core/Src/main.o
 .text.MX_GPIO_Init
                0x08001b6c      0x104 ./Core/Src/main.o
 .text.Led3x6Run
                0x08001c70       0x3c ./Core/Src/main.o
                0x08001c70                Led3x6Run
 .text.KeyPad4x5Run
                0x08001cac       0x1a ./Core/Src/main.o
                0x08001cac                KeyPad4x5Run
 .text.HAL_TIM_PeriodElapsedCallback
                0x08001cc6       0x1e ./Core/Src/main.o
                0x08001cc6                HAL_TIM_PeriodElapsedCallback
 .text.Error_Handler
                0x08001ce4        0xc ./Core/Src/main.o
                0x08001ce4                Error_Handler
 .text.HAL_MspInit
                0x08001cf0       0x58 ./Core/Src/stm32f4xx_hal_msp.o
                0x08001cf0                HAL_MspInit
 .text.HAL_SPI_MspInit
                0x08001d48      0x13c ./Core/Src/stm32f4xx_hal_msp.o
                0x08001d48                HAL_SPI_MspInit
 .text.HAL_InitTick
                0x08001e84       0xf8 ./Core/Src/stm32f4xx_hal_timebase_tim.o
                0x08001e84                HAL_InitTick
 .text.NMI_Handler
                0x08001f7c        0x8 ./Core/Src/stm32f4xx_it.o
                0x08001f7c                NMI_Handler
 .text.HardFault_Handler
                0x08001f84        0x8 ./Core/Src/stm32f4xx_it.o
                0x08001f84                HardFault_Handler
 .text.MemManage_Handler
                0x08001f8c        0x8 ./Core/Src/stm32f4xx_it.o
                0x08001f8c                MemManage_Handler
 .text.BusFault_Handler
                0x08001f94        0x8 ./Core/Src/stm32f4xx_it.o
                0x08001f94                BusFault_Handler
 .text.UsageFault_Handler
                0x08001f9c        0x8 ./Core/Src/stm32f4xx_it.o
                0x08001f9c                UsageFault_Handler
 .text.DebugMon_Handler
                0x08001fa4        0xe ./Core/Src/stm32f4xx_it.o
                0x08001fa4                DebugMon_Handler
 *fill*         0x08001fb2        0x2 
 .text.TIM2_IRQHandler
                0x08001fb4       0x14 ./Core/Src/stm32f4xx_it.o
                0x08001fb4                TIM2_IRQHandler
 .text._sbrk    0x08001fc8       0x6c ./Core/Src/sysmem.o
                0x08001fc8                _sbrk
 .text.SystemInit
                0x08002034       0x24 ./Core/Src/system_stm32f4xx.o
                0x08002034                SystemInit
 .text.Reset_Handler
                0x08002058       0x50 ./Core/Startup/startup_stm32f411retx.o
                0x08002058                Reset_Handler
 .text.Default_Handler
                0x080020a8        0x2 ./Core/Startup/startup_stm32f411retx.o
                0x080020a8                RTC_Alarm_IRQHandler
                0x080020a8                EXTI2_IRQHandler
                0x080020a8                SPI4_IRQHandler
                0x080020a8                TIM1_CC_IRQHandler
                0x080020a8                DMA2_Stream5_IRQHandler
                0x080020a8                DMA1_Stream5_IRQHandler
                0x080020a8                PVD_IRQHandler
                0x080020a8                SDIO_IRQHandler
                0x080020a8                TAMP_STAMP_IRQHandler
                0x080020a8                EXTI3_IRQHandler
                0x080020a8                TIM1_UP_TIM10_IRQHandler
                0x080020a8                I2C3_ER_IRQHandler
                0x080020a8                EXTI0_IRQHandler
                0x080020a8                I2C2_EV_IRQHandler
                0x080020a8                DMA1_Stream2_IRQHandler
                0x080020a8                FPU_IRQHandler
                0x080020a8                DMA2_Stream2_IRQHandler
                0x080020a8                SPI1_IRQHandler
                0x080020a8                TIM1_BRK_TIM9_IRQHandler
                0x080020a8                DMA2_Stream3_IRQHandler
                0x080020a8                USART6_IRQHandler
                0x080020a8                DMA2_Stream0_IRQHandler
                0x080020a8                TIM4_IRQHandler
                0x080020a8                I2C1_EV_IRQHandler
                0x080020a8                DMA1_Stream6_IRQHandler
                0x080020a8                DMA1_Stream1_IRQHandler
                0x080020a8                TIM3_IRQHandler
                0x080020a8                RCC_IRQHandler
                0x080020a8                Default_Handler
                0x080020a8                EXTI15_10_IRQHandler
                0x080020a8                ADC_IRQHandler
                0x080020a8                DMA1_Stream7_IRQHandler
                0x080020a8                SPI5_IRQHandler
                0x080020a8                TIM5_IRQHandler
                0x080020a8                DMA2_Stream7_IRQHandler
                0x080020a8                I2C3_EV_IRQHandler
                0x080020a8                EXTI9_5_IRQHandler
                0x080020a8                RTC_WKUP_IRQHandler
                0x080020a8                SPI2_IRQHandler
                0x080020a8                DMA1_Stream0_IRQHandler
                0x080020a8                EXTI4_IRQHandler
                0x080020a8                WWDG_IRQHandler
                0x080020a8                OTG_FS_WKUP_IRQHandler
                0x080020a8                TIM1_TRG_COM_TIM11_IRQHandler
                0x080020a8                EXTI1_IRQHandler
                0x080020a8                USART2_IRQHandler
                0x080020a8                I2C2_ER_IRQHandler
                0x080020a8                DMA2_Stream1_IRQHandler
                0x080020a8                FLASH_IRQHandler
                0x080020a8                DMA2_Stream4_IRQHandler
                0x080020a8                USART1_IRQHandler
                0x080020a8                OTG_FS_IRQHandler
                0x080020a8                SPI3_IRQHandler
                0x080020a8                DMA1_Stream4_IRQHandler
                0x080020a8                I2C1_ER_IRQHandler
                0x080020a8                DMA2_Stream6_IRQHandler
                0x080020a8                DMA1_Stream3_IRQHandler
 *fill*         0x080020aa        0x2 
 .text.HAL_Init
                0x080020ac       0x44 ./Drivers/STM32F4xx_HAL_Driver/Src/stm32f4xx_hal.o
                0x080020ac                HAL_Init
 .text.HAL_IncTick
                0x080020f0       0x28 ./Drivers/STM32F4xx_HAL_Driver/Src/stm32f4xx_hal.o
                0x080020f0                HAL_IncTick
 .text.HAL_GetTick
                0x08002118       0x18 ./Drivers/STM32F4xx_HAL_Driver/Src/stm32f4xx_hal.o
                0x08002118                HAL_GetTick
 .text.__NVIC_SetPriorityGrouping
                0x08002130       0x48 ./Drivers/STM32F4xx_HAL_Driver/Src/stm32f4xx_hal_cortex.o
 .text.__NVIC_GetPriorityGrouping
                0x08002178       0x1c ./Drivers/STM32F4xx_HAL_Driver/Src/stm32f4xx_hal_cortex.o
 .text.__NVIC_EnableIRQ
                0x08002194       0x3c ./Drivers/STM32F4xx_HAL_Driver/Src/stm32f4xx_hal_cortex.o
 .text.__NVIC_SetPriority
                0x080021d0       0x54 ./Drivers/STM32F4xx_HAL_Driver/Src/stm32f4xx_hal_cortex.o
 .text.NVIC_EncodePriority
                0x08002224       0x66 ./Drivers/STM32F4xx_HAL_Driver/Src/stm32f4xx_hal_cortex.o
 .text.HAL_NVIC_SetPriorityGrouping
                0x0800228a       0x16 ./Drivers/STM32F4xx_HAL_Driver/Src/stm32f4xx_hal_cortex.o
                0x0800228a                HAL_NVIC_SetPriorityGrouping
 .text.HAL_NVIC_SetPriority
                0x080022a0       0x38 ./Drivers/STM32F4xx_HAL_Driver/Src/stm32f4xx_hal_cortex.o
                0x080022a0                HAL_NVIC_SetPriority
 .text.HAL_NVIC_EnableIRQ
                0x080022d8       0x1c ./Drivers/STM32F4xx_HAL_Driver/Src/stm32f4xx_hal_cortex.o
                0x080022d8                HAL_NVIC_EnableIRQ
 .text.HAL_GPIO_Init
                0x080022f4      0x308 ./Drivers/STM32F4xx_HAL_Driver/Src/stm32f4xx_hal_gpio.o
                0x080022f4                HAL_GPIO_Init
 .text.HAL_GPIO_ReadPin
                0x080025fc       0x30 ./Drivers/STM32F4xx_HAL_Driver/Src/stm32f4xx_hal_gpio.o
                0x080025fc                HAL_GPIO_ReadPin
 .text.HAL_GPIO_WritePin
                0x0800262c       0x32 ./Drivers/STM32F4xx_HAL_Driver/Src/stm32f4xx_hal_gpio.o
                0x0800262c                HAL_GPIO_WritePin
 *fill*         0x0800265e        0x2 
 .text.HAL_RCC_OscConfig
                0x08002660      0x4f0 ./Drivers/STM32F4xx_HAL_Driver/Src/stm32f4xx_hal_rcc.o
                0x08002660                HAL_RCC_OscConfig
 .text.HAL_RCC_ClockConfig
                0x08002b50      0x1cc ./Drivers/STM32F4xx_HAL_Driver/Src/stm32f4xx_hal_rcc.o
                0x08002b50                HAL_RCC_ClockConfig
 .text.HAL_RCC_GetSysClockFreq
                0x08002d1c      0x18c ./Drivers/STM32F4xx_HAL_Driver/Src/stm32f4xx_hal_rcc.o
                0x08002d1c                HAL_RCC_GetSysClockFreq
 .text.HAL_RCC_GetHCLKFreq
                0x08002ea8       0x18 ./Drivers/STM32F4xx_HAL_Driver/Src/stm32f4xx_hal_rcc.o
                0x08002ea8                HAL_RCC_GetHCLKFreq
 .text.HAL_RCC_GetPCLK1Freq
                0x08002ec0       0x28 ./Drivers/STM32F4xx_HAL_Driver/Src/stm32f4xx_hal_rcc.o
                0x08002ec0                HAL_RCC_GetPCLK1Freq
 .text.HAL_RCC_GetClockConfig
                0x08002ee8       0x64 ./Drivers/STM32F4xx_HAL_Driver/Src/stm32f4xx_hal_rcc.o
                0x08002ee8                HAL_RCC_GetClockConfig
 .text.HAL_SPI_Init
                0x08002f4c      0x112 ./Drivers/STM32F4xx_HAL_Driver/Src/stm32f4xx_hal_spi.o
                0x08002f4c                HAL_SPI_Init
 .text.HAL_SPI_Transmit
                0x0800305e      0x286 ./Drivers/STM32F4xx_HAL_Driver/Src/stm32f4xx_hal_spi.o
                0x0800305e                HAL_SPI_Transmit
 .text.HAL_SPI_GetState
                0x080032e4       0x1c ./Drivers/STM32F4xx_HAL_Driver/Src/stm32f4xx_hal_spi.o
                0x080032e4                HAL_SPI_GetState
 .text.SPI_WaitFlagStateUntilTimeout
                0x08003300      0x110 ./Drivers/STM32F4xx_HAL_Driver/Src/stm32f4xx_hal_spi.o
 .text.SPI_EndRxTxTransaction
                0x08003410       0xa8 ./Drivers/STM32F4xx_HAL_Driver/Src/stm32f4xx_hal_spi.o
 .text.HAL_TIM_Base_Init
                0x080034b8       0x9e ./Drivers/STM32F4xx_HAL_Driver/Src/stm32f4xx_hal_tim.o
                0x080034b8                HAL_TIM_Base_Init
 .text.HAL_TIM_Base_MspInit
                0x08003556       0x14 ./Drivers/STM32F4xx_HAL_Driver/Src/stm32f4xx_hal_tim.o
                0x08003556                HAL_TIM_Base_MspInit
 *fill*         0x0800356a        0x2 
 .text.HAL_TIM_Base_Start_IT
                0x0800356c       0xc4 ./Drivers/STM32F4xx_HAL_Driver/Src/stm32f4xx_hal_tim.o
                0x0800356c                HAL_TIM_Base_Start_IT
 .text.HAL_TIM_IRQHandler
                0x08003630      0x1e0 ./Drivers/STM32F4xx_HAL_Driver/Src/stm32f4xx_hal_tim.o
                0x08003630                HAL_TIM_IRQHandler
 .text.HAL_TIM_OC_DelayElapsedCallback
                0x08003810       0x14 ./Drivers/STM32F4xx_HAL_Driver/Src/stm32f4xx_hal_tim.o
                0x08003810                HAL_TIM_OC_DelayElapsedCallback
 .text.HAL_TIM_IC_CaptureCallback
                0x08003824       0x14 ./Drivers/STM32F4xx_HAL_Driver/Src/stm32f4xx_hal_tim.o
                0x08003824                HAL_TIM_IC_CaptureCallback
 .text.HAL_TIM_PWM_PulseFinishedCallback
                0x08003838       0x14 ./Drivers/STM32F4xx_HAL_Driver/Src/stm32f4xx_hal_tim.o
                0x08003838                HAL_TIM_PWM_PulseFinishedCallback
 .text.HAL_TIM_TriggerCallback
                0x0800384c       0x14 ./Drivers/STM32F4xx_HAL_Driver/Src/stm32f4xx_hal_tim.o
                0x0800384c                HAL_TIM_TriggerCallback
 .text.TIM_Base_SetConfig
                0x08003860      0x118 ./Drivers/STM32F4xx_HAL_Driver/Src/stm32f4xx_hal_tim.o
                0x08003860                TIM_Base_SetConfig
 .text.HAL_TIMEx_CommutCallback
                0x08003978       0x14 ./Drivers/STM32F4xx_HAL_Driver/Src/stm32f4xx_hal_tim_ex.o
                0x08003978                HAL_TIMEx_CommutCallback
 .text.HAL_TIMEx_BreakCallback
                0x0800398c       0x14 ./Drivers/STM32F4xx_HAL_Driver/Src/stm32f4xx_hal_tim_ex.o
                0x0800398c                HAL_TIMEx_BreakCallback
 .text.__NVIC_SetPriority
                0x080039a0       0x54 ./Middlewares/Third_Party/FreeRTOS/Source/CMSIS_RTOS_V2/cmsis_os2.o
 .text.SysTick_Handler
                0x080039f4       0x20 ./Middlewares/Third_Party/FreeRTOS/Source/CMSIS_RTOS_V2/cmsis_os2.o
                0x080039f4                SysTick_Handler
 .text.SVC_Setup
                0x08003a14       0x12 ./Middlewares/Third_Party/FreeRTOS/Source/CMSIS_RTOS_V2/cmsis_os2.o
 *fill*         0x08003a26        0x2 
 .text.osKernelInitialize
                0x08003a28       0x48 ./Middlewares/Third_Party/FreeRTOS/Source/CMSIS_RTOS_V2/cmsis_os2.o
                0x08003a28                osKernelInitialize
 .text.osKernelStart
                0x08003a70       0x4c ./Middlewares/Third_Party/FreeRTOS/Source/CMSIS_RTOS_V2/cmsis_os2.o
                0x08003a70                osKernelStart
 .text.osThreadNew
                0x08003abc      0x124 ./Middlewares/Third_Party/FreeRTOS/Source/CMSIS_RTOS_V2/cmsis_os2.o
                0x08003abc                osThreadNew
 .text.osDelay  0x08003be0       0x36 ./Middlewares/Third_Party/FreeRTOS/Source/CMSIS_RTOS_V2/cmsis_os2.o
                0x08003be0                osDelay
 *fill*         0x08003c16        0x2 
 .text.vApplicationGetIdleTaskMemory
                0x08003c18       0x34 ./Middlewares/Third_Party/FreeRTOS/Source/CMSIS_RTOS_V2/cmsis_os2.o
                0x08003c18                vApplicationGetIdleTaskMemory
 .text.vApplicationGetTimerTaskMemory
                0x08003c4c       0x34 ./Middlewares/Third_Party/FreeRTOS/Source/CMSIS_RTOS_V2/cmsis_os2.o
                0x08003c4c                vApplicationGetTimerTaskMemory
 .text.vListInitialise
                0x08003c80       0x40 ./Middlewares/Third_Party/FreeRTOS/Source/list.o
                0x08003c80                vListInitialise
 .text.vListInitialiseItem
                0x08003cc0       0x1a ./Middlewares/Third_Party/FreeRTOS/Source/list.o
                0x08003cc0                vListInitialiseItem
 .text.vListInsertEnd
                0x08003cda       0x48 ./Middlewares/Third_Party/FreeRTOS/Source/list.o
                0x08003cda                vListInsertEnd
 .text.vListInsert
                0x08003d22       0x72 ./Middlewares/Third_Party/FreeRTOS/Source/list.o
                0x08003d22                vListInsert
 .text.uxListRemove
                0x08003d94       0x54 ./Middlewares/Third_Party/FreeRTOS/Source/list.o
                0x08003d94                uxListRemove
 .text.xQueueGenericReset
                0x08003de8       0xd4 ./Middlewares/Third_Party/FreeRTOS/Source/queue.o
                0x08003de8                xQueueGenericReset
 .text.xQueueGenericCreateStatic
                0x08003ebc       0xfa ./Middlewares/Third_Party/FreeRTOS/Source/queue.o
                0x08003ebc                xQueueGenericCreateStatic
 .text.prvInitialiseNewQueue
                0x08003fb6       0x46 ./Middlewares/Third_Party/FreeRTOS/Source/queue.o
 .text.xQueueGenericSend
                0x08003ffc      0x204 ./Middlewares/Third_Party/FreeRTOS/Source/queue.o
                0x08003ffc                xQueueGenericSend
 .text.xQueueGenericSendFromISR
                0x08004200      0x13c ./Middlewares/Third_Party/FreeRTOS/Source/queue.o
                0x08004200                xQueueGenericSendFromISR
 .text.xQueueReceive
                0x0800433c      0x1c4 ./Middlewares/Third_Party/FreeRTOS/Source/queue.o
                0x0800433c                xQueueReceive
 .text.prvCopyDataToQueue
                0x08004500       0xd4 ./Middlewares/Third_Party/FreeRTOS/Source/queue.o
 .text.prvCopyDataFromQueue
                0x080045d4       0x4c ./Middlewares/Third_Party/FreeRTOS/Source/queue.o
 .text.prvUnlockQueue
                0x08004620       0xa4 ./Middlewares/Third_Party/FreeRTOS/Source/queue.o
 .text.prvIsQueueEmpty
                0x080046c4       0x2c ./Middlewares/Third_Party/FreeRTOS/Source/queue.o
 .text.prvIsQueueFull
                0x080046f0       0x30 ./Middlewares/Third_Party/FreeRTOS/Source/queue.o
 .text.vQueueAddToRegistry
                0x08004720       0x54 ./Middlewares/Third_Party/FreeRTOS/Source/queue.o
                0x08004720                vQueueAddToRegistry
 .text.vQueueWaitForMessageRestricted
                0x08004774       0x68 ./Middlewares/Third_Party/FreeRTOS/Source/queue.o
                0x08004774                vQueueWaitForMessageRestricted
 .text.xTaskCreateStatic
                0x080047dc       0xc0 ./Middlewares/Third_Party/FreeRTOS/Source/tasks.o
                0x080047dc                xTaskCreateStatic
 .text.xTaskCreate
                0x0800489c       0x8a ./Middlewares/Third_Party/FreeRTOS/Source/tasks.o
                0x0800489c                xTaskCreate
 *fill*         0x08004926        0x2 
 .text.prvInitialiseNewTask
                0x08004928      0x150 ./Middlewares/Third_Party/FreeRTOS/Source/tasks.o
 .text.prvAddNewTaskToReadyList
                0x08004a78       0xe0 ./Middlewares/Third_Party/FreeRTOS/Source/tasks.o
 .text.vTaskDelay
                0x08004b58       0x6c ./Middlewares/Third_Party/FreeRTOS/Source/tasks.o
                0x08004b58                vTaskDelay
 .text.vTaskStartScheduler
                0x08004bc4       0xe0 ./Middlewares/Third_Party/FreeRTOS/Source/tasks.o
                0x08004bc4                vTaskStartScheduler
 .text.vTaskSuspendAll
                0x08004ca4       0x1c ./Middlewares/Third_Party/FreeRTOS/Source/tasks.o
                0x08004ca4                vTaskSuspendAll
 .text.xTaskResumeAll
                0x08004cc0      0x13c ./Middlewares/Third_Party/FreeRTOS/Source/tasks.o
                0x08004cc0                xTaskResumeAll
 .text.xTaskGetTickCount
                0x08004dfc       0x20 ./Middlewares/Third_Party/FreeRTOS/Source/tasks.o
                0x08004dfc                xTaskGetTickCount
 .text.xTaskIncrementTick
                0x08004e1c      0x174 ./Middlewares/Third_Party/FreeRTOS/Source/tasks.o
                0x08004e1c                xTaskIncrementTick
 .text.vTaskSwitchContext
                0x08004f90       0xcc ./Middlewares/Third_Party/FreeRTOS/Source/tasks.o
                0x08004f90                vTaskSwitchContext
 .text.vTaskPlaceOnEventList
                0x0800505c       0x4c ./Middlewares/Third_Party/FreeRTOS/Source/tasks.o
                0x0800505c                vTaskPlaceOnEventList
 .text.vTaskPlaceOnEventListRestricted
                0x080050a8       0x58 ./Middlewares/Third_Party/FreeRTOS/Source/tasks.o
                0x080050a8                vTaskPlaceOnEventListRestricted
 .text.xTaskRemoveFromEventList
                0x08005100       0xc8 ./Middlewares/Third_Party/FreeRTOS/Source/tasks.o
                0x08005100                xTaskRemoveFromEventList
 .text.vTaskInternalSetTimeOutState
                0x080051c8       0x2c ./Middlewares/Third_Party/FreeRTOS/Source/tasks.o
                0x080051c8                vTaskInternalSetTimeOutState
 .text.xTaskCheckForTimeOut
                0x080051f4       0xc8 ./Middlewares/Third_Party/FreeRTOS/Source/tasks.o
                0x080051f4                xTaskCheckForTimeOut
 .text.vTaskMissedYield
                0x080052bc       0x18 ./Middlewares/Third_Party/FreeRTOS/Source/tasks.o
                0x080052bc                vTaskMissedYield
 .text.prvIdleTask
                0x080052d4       0x30 ./Middlewares/Third_Party/FreeRTOS/Source/tasks.o
 .text.prvInitialiseTaskLists
                0x08005304       0x80 ./Middlewares/Third_Party/FreeRTOS/Source/tasks.o
 .text.prvCheckTasksWaitingTermination
                0x08005384       0x5c ./Middlewares/Third_Party/FreeRTOS/Source/tasks.o
 .text.prvDeleteTCB
                0x080053e0       0x6a ./Middlewares/Third_Party/FreeRTOS/Source/tasks.o
 *fill*         0x0800544a        0x2 
 .text.prvResetNextTaskUnblockTime
                0x0800544c       0x40 ./Middlewares/Third_Party/FreeRTOS/Source/tasks.o
 .text.xTaskGetSchedulerState
                0x0800548c       0x3c ./Middlewares/Third_Party/FreeRTOS/Source/tasks.o
                0x0800548c                xTaskGetSchedulerState
 .text.xTaskPriorityDisinherit
                0x080054c8       0xe0 ./Middlewares/Third_Party/FreeRTOS/Source/tasks.o
                0x080054c8                xTaskPriorityDisinherit
 .text.prvAddCurrentTaskToDelayedList
                0x080055a8       0xa8 ./Middlewares/Third_Party/FreeRTOS/Source/tasks.o
 .text.xTimerCreateTimerTask
                0x08005650       0x94 ./Middlewares/Third_Party/FreeRTOS/Source/timers.o
                0x08005650                xTimerCreateTimerTask
 .text.xTimerGenericCommand
                0x080056e4       0x9c ./Middlewares/Third_Party/FreeRTOS/Source/timers.o
                0x080056e4                xTimerGenericCommand
 .text.prvProcessExpiredTimer
                0x08005780       0x9c ./Middlewares/Third_Party/FreeRTOS/Source/timers.o
 .text.prvTimerTask
                0x0800581c       0x26 ./Middlewares/Third_Party/FreeRTOS/Source/timers.o
 *fill*         0x08005842        0x2 
 .text.prvProcessTimerOrBlockTask
                0x08005844       0x9c ./Middlewares/Third_Party/FreeRTOS/Source/timers.o
 .text.prvGetNextExpireTime
                0x080058e0       0x48 ./Middlewares/Third_Party/FreeRTOS/Source/timers.o
 .text.prvSampleTimeNow
                0x08005928       0x40 ./Middlewares/Third_Party/FreeRTOS/Source/timers.o
 .text.prvInsertTimerInActiveList
                0x08005968       0x84 ./Middlewares/Third_Party/FreeRTOS/Source/timers.o
 .text.prvProcessReceivedCommands
                0x080059ec      0x1cc ./Middlewares/Third_Party/FreeRTOS/Source/timers.o
 .text.prvSwitchTimerLists
                0x08005bb8       0xcc ./Middlewares/Third_Party/FreeRTOS/Source/timers.o
 .text.prvCheckForValidListAndQueue
                0x08005c84       0x80 ./Middlewares/Third_Party/FreeRTOS/Source/timers.o
 .text.pxPortInitialiseStack
                0x08005d04       0x68 ./Middlewares/Third_Party/FreeRTOS/Source/portable/GCC/ARM_CM4F/port.o
                0x08005d04                pxPortInitialiseStack
 .text.prvTaskExitError
                0x08005d6c       0x5c ./Middlewares/Third_Party/FreeRTOS/Source/portable/GCC/ARM_CM4F/port.o
 *fill*         0x08005dc8        0x8 
 .text.SVC_Handler
                0x08005dd0       0x28 ./Middlewares/Third_Party/FreeRTOS/Source/portable/GCC/ARM_CM4F/port.o
                0x08005dd0                SVC_Handler
 .text.prvPortStartFirstTask
                0x08005df8       0x28 ./Middlewares/Third_Party/FreeRTOS/Source/portable/GCC/ARM_CM4F/port.o
 .text.xPortStartScheduler
                0x08005e20      0x148 ./Middlewares/Third_Party/FreeRTOS/Source/portable/GCC/ARM_CM4F/port.o
                0x08005e20                xPortStartScheduler
 .text.vPortEnterCritical
                0x08005f68       0x64 ./Middlewares/Third_Party/FreeRTOS/Source/portable/GCC/ARM_CM4F/port.o
                0x08005f68                vPortEnterCritical
 .text.vPortExitCritical
                0x08005fcc       0x54 ./Middlewares/Third_Party/FreeRTOS/Source/portable/GCC/ARM_CM4F/port.o
                0x08005fcc                vPortExitCritical
 .text.PendSV_Handler
                0x08006020       0x68 ./Middlewares/Third_Party/FreeRTOS/Source/portable/GCC/ARM_CM4F/port.o
                0x08006020                PendSV_Handler
 .text.xPortSysTickHandler
                0x08006088       0x44 ./Middlewares/Third_Party/FreeRTOS/Source/portable/GCC/ARM_CM4F/port.o
                0x08006088                xPortSysTickHandler
 .text.vPortSetupTimerInterrupt
                0x080060cc       0x48 ./Middlewares/Third_Party/FreeRTOS/Source/portable/GCC/ARM_CM4F/port.o
                0x080060cc                vPortSetupTimerInterrupt
 .text.vPortEnableVFP
                0x08006114       0x14 ./Middlewares/Third_Party/FreeRTOS/Source/portable/GCC/ARM_CM4F/port.o
 .text.vPortValidateInterruptPriority
                0x08006128       0x84 ./Middlewares/Third_Party/FreeRTOS/Source/portable/GCC/ARM_CM4F/port.o
                0x08006128                vPortValidateInterruptPriority
 .text.pvPortMalloc
                0x080061ac      0x19c ./Middlewares/Third_Party/FreeRTOS/Source/portable/MemMang/heap_4.o
                0x080061ac                pvPortMalloc
 .text.vPortFree
                0x08006348       0xc8 ./Middlewares/Third_Party/FreeRTOS/Source/portable/MemMang/heap_4.o
                0x08006348                vPortFree
 .text.prvHeapInit
                0x08006410       0xc4 ./Middlewares/Third_Party/FreeRTOS/Source/portable/MemMang/heap_4.o
 .text.prvInsertBlockIntoFreeList
                0x080064d4       0xb4 ./Middlewares/Third_Party/FreeRTOS/Source/portable/MemMang/heap_4.o
 .text.snprintf
                0x08006588       0x68 /home/cuibapcuatui/st/stm32cubeide_1.15.1/plugins/com.st.stm32cube.ide.mcu.externaltools.gnu-tools-for-stm32.12.3.rel1.linux64_1.0.100.202403111256/tools/bin/../lib/gcc/arm-none-eabi/12.3.1/../../../../arm-none-eabi/lib/thumb/v7e-m+fp/hard/libc_nano.a(libc_a-snprintf.o)
                0x08006588                snprintf
                0x08006588                sniprintf
 .text.memset   0x080065f0       0x10 /home/cuibapcuatui/st/stm32cubeide_1.15.1/plugins/com.st.stm32cube.ide.mcu.externaltools.gnu-tools-for-stm32.12.3.rel1.linux64_1.0.100.202403111256/tools/bin/../lib/gcc/arm-none-eabi/12.3.1/../../../../arm-none-eabi/lib/thumb/v7e-m+fp/hard/libc_nano.a(libc_a-memset.o)
                0x080065f0                memset
 .text._reclaim_reent
                0x08006600       0xac /home/cuibapcuatui/st/stm32cubeide_1.15.1/plugins/com.st.stm32cube.ide.mcu.externaltools.gnu-tools-for-stm32.12.3.rel1.linux64_1.0.100.202403111256/tools/bin/../lib/gcc/arm-none-eabi/12.3.1/../../../../arm-none-eabi/lib/thumb/v7e-m+fp/hard/libc_nano.a(libc_a-reent.o)
                0x08006600                _reclaim_reent
 .text.__errno  0x080066ac        0xc /home/cuibapcuatui/st/stm32cubeide_1.15.1/plugins/com.st.stm32cube.ide.mcu.externaltools.gnu-tools-for-stm32.12.3.rel1.linux64_1.0.100.202403111256/tools/bin/../lib/gcc/arm-none-eabi/12.3.1/../../../../arm-none-eabi/lib/thumb/v7e-m+fp/hard/libc_nano.a(libc_a-errno.o)
                0x080066ac                __errno
 .text.__libc_init_array
                0x080066b8       0x48 /home/cuibapcuatui/st/stm32cubeide_1.15.1/plugins/com.st.stm32cube.ide.mcu.externaltools.gnu-tools-for-stm32.12.3.rel1.linux64_1.0.100.202403111256/tools/bin/../lib/gcc/arm-none-eabi/12.3.1/../../../../arm-none-eabi/lib/thumb/v7e-m+fp/hard/libc_nano.a(libc_a-init.o)
                0x080066b8                __libc_init_array
 .text.__retarget_lock_acquire_recursive
                0x08006700        0x2 /home/cuibapcuatui/st/stm32cubeide_1.15.1/plugins/com.st.stm32cube.ide.mcu.externaltools.gnu-tools-for-stm32.12.3.rel1.linux64_1.0.100.202403111256/tools/bin/../lib/gcc/arm-none-eabi/12.3.1/../../../../arm-none-eabi/lib/thumb/v7e-m+fp/hard/libc_nano.a(libc_a-lock.o)
                0x08006700                __retarget_lock_acquire_recursive
 .text.__retarget_lock_release_recursive
                0x08006702        0x2 /home/cuibapcuatui/st/stm32cubeide_1.15.1/plugins/com.st.stm32cube.ide.mcu.externaltools.gnu-tools-for-stm32.12.3.rel1.linux64_1.0.100.202403111256/tools/bin/../lib/gcc/arm-none-eabi/12.3.1/../../../../arm-none-eabi/lib/thumb/v7e-m+fp/hard/libc_nano.a(libc_a-lock.o)
                0x08006702                __retarget_lock_release_recursive
 .text.memcpy   0x08006704       0x1c /home/cuibapcuatui/st/stm32cubeide_1.15.1/plugins/com.st.stm32cube.ide.mcu.externaltools.gnu-tools-for-stm32.12.3.rel1.linux64_1.0.100.202403111256/tools/bin/../lib/gcc/arm-none-eabi/12.3.1/../../../../arm-none-eabi/lib/thumb/v7e-m+fp/hard/libc_nano.a(libc_a-memcpy-stub.o)
                0x08006704                memcpy
 .text._free_r  0x08006720       0x94 /home/cuibapcuatui/st/stm32cubeide_1.15.1/plugins/com.st.stm32cube.ide.mcu.externaltools.gnu-tools-for-stm32.12.3.rel1.linux64_1.0.100.202403111256/tools/bin/../lib/gcc/arm-none-eabi/12.3.1/../../../../arm-none-eabi/lib/thumb/v7e-m+fp/hard/libc_nano.a(libc_a-freer.o)
                0x08006720                _free_r
 .text.sbrk_aligned
                0x080067b4       0x44 /home/cuibapcuatui/st/stm32cubeide_1.15.1/plugins/com.st.stm32cube.ide.mcu.externaltools.gnu-tools-for-stm32.12.3.rel1.linux64_1.0.100.202403111256/tools/bin/../lib/gcc/arm-none-eabi/12.3.1/../../../../arm-none-eabi/lib/thumb/v7e-m+fp/hard/libc_nano.a(libc_a-mallocr.o)
 .text._malloc_r
                0x080067f8      0x100 /home/cuibapcuatui/st/stm32cubeide_1.15.1/plugins/com.st.stm32cube.ide.mcu.externaltools.gnu-tools-for-stm32.12.3.rel1.linux64_1.0.100.202403111256/tools/bin/../lib/gcc/arm-none-eabi/12.3.1/../../../../arm-none-eabi/lib/thumb/v7e-m+fp/hard/libc_nano.a(libc_a-mallocr.o)
                0x080067f8                _malloc_r
 .text.__malloc_lock
                0x080068f8        0xc /home/cuibapcuatui/st/stm32cubeide_1.15.1/plugins/com.st.stm32cube.ide.mcu.externaltools.gnu-tools-for-stm32.12.3.rel1.linux64_1.0.100.202403111256/tools/bin/../lib/gcc/arm-none-eabi/12.3.1/../../../../arm-none-eabi/lib/thumb/v7e-m+fp/hard/libc_nano.a(libc_a-mlock.o)
                0x080068f8                __malloc_lock
 .text.__malloc_unlock
                0x08006904        0xc /home/cuibapcuatui/st/stm32cubeide_1.15.1/plugins/com.st.stm32cube.ide.mcu.externaltools.gnu-tools-for-stm32.12.3.rel1.linux64_1.0.100.202403111256/tools/bin/../lib/gcc/arm-none-eabi/12.3.1/../../../../arm-none-eabi/lib/thumb/v7e-m+fp/hard/libc_nano.a(libc_a-mlock.o)
                0x08006904                __malloc_unlock
 .text.__ssputs_r
                0x08006910       0xb6 /home/cuibapcuatui/st/stm32cubeide_1.15.1/plugins/com.st.stm32cube.ide.mcu.externaltools.gnu-tools-for-stm32.12.3.rel1.linux64_1.0.100.202403111256/tools/bin/../lib/gcc/arm-none-eabi/12.3.1/../../../../arm-none-eabi/lib/thumb/v7e-m+fp/hard/libc_nano.a(libc_a-nano-svfprintf.o)
                0x08006910                __ssputs_r
 *fill*         0x080069c6        0x2 
 .text._svfprintf_r
                0x080069c8      0x1f8 /home/cuibapcuatui/st/stm32cubeide_1.15.1/plugins/com.st.stm32cube.ide.mcu.externaltools.gnu-tools-for-stm32.12.3.rel1.linux64_1.0.100.202403111256/tools/bin/../lib/gcc/arm-none-eabi/12.3.1/../../../../arm-none-eabi/lib/thumb/v7e-m+fp/hard/libc_nano.a(libc_a-nano-svfprintf.o)
                0x080069c8                _svfprintf_r
                0x080069c8                _svfiprintf_r
 .text._printf_common
                0x08006bc0       0xda /home/cuibapcuatui/st/stm32cubeide_1.15.1/plugins/com.st.stm32cube.ide.mcu.externaltools.gnu-tools-for-stm32.12.3.rel1.linux64_1.0.100.202403111256/tools/bin/../lib/gcc/arm-none-eabi/12.3.1/../../../../arm-none-eabi/lib/thumb/v7e-m+fp/hard/libc_nano.a(libc_a-nano-vfprintf_i.o)
                0x08006bc0                _printf_common
 *fill*         0x08006c9a        0x2 
 .text._printf_i
                0x08006c9c      0x240 /home/cuibapcuatui/st/stm32cubeide_1.15.1/plugins/com.st.stm32cube.ide.mcu.externaltools.gnu-tools-for-stm32.12.3.rel1.linux64_1.0.100.202403111256/tools/bin/../lib/gcc/arm-none-eabi/12.3.1/../../../../arm-none-eabi/lib/thumb/v7e-m+fp/hard/libc_nano.a(libc_a-nano-vfprintf_i.o)
                0x08006c9c                _printf_i
 .text.memmove  0x08006edc       0x34 /home/cuibapcuatui/st/stm32cubeide_1.15.1/plugins/com.st.stm32cube.ide.mcu.externaltools.gnu-tools-for-stm32.12.3.rel1.linux64_1.0.100.202403111256/tools/bin/../lib/gcc/arm-none-eabi/12.3.1/../../../../arm-none-eabi/lib/thumb/v7e-m+fp/hard/libc_nano.a(libc_a-memmove.o)
                0x08006edc                memmove
 .text._sbrk_r  0x08006f10       0x20 /home/cuibapcuatui/st/stm32cubeide_1.15.1/plugins/com.st.stm32cube.ide.mcu.externaltools.gnu-tools-for-stm32.12.3.rel1.linux64_1.0.100.202403111256/tools/bin/../lib/gcc/arm-none-eabi/12.3.1/../../../../arm-none-eabi/lib/thumb/v7e-m+fp/hard/libc_nano.a(libc_a-sbrkr.o)
                0x08006f10                _sbrk_r
 .text._realloc_r
                0x08006f30       0x5c /home/cuibapcuatui/st/stm32cubeide_1.15.1/plugins/com.st.stm32cube.ide.mcu.externaltools.gnu-tools-for-stm32.12.3.rel1.linux64_1.0.100.202403111256/tools/bin/../lib/gcc/arm-none-eabi/12.3.1/../../../../arm-none-eabi/lib/thumb/v7e-m+fp/hard/libc_nano.a(libc_a-reallocr.o)
                0x08006f30                _realloc_r
 .text._malloc_usable_size_r
                0x08006f8c       0x10 /home/cuibapcuatui/st/stm32cubeide_1.15.1/plugins/com.st.stm32cube.ide.mcu.externaltools.gnu-tools-for-stm32.12.3.rel1.linux64_1.0.100.202403111256/tools/bin/../lib/gcc/arm-none-eabi/12.3.1/../../../../arm-none-eabi/lib/thumb/v7e-m+fp/hard/libc_nano.a(libc_a-msizer.o)
                0x08006f8c                _malloc_usable_size_r
 *(.glue_7)
 .glue_7        0x08006f9c        0x0 linker stubs
 *(.glue_7t)
 .glue_7t       0x08006f9c        0x0 linker stubs
 *(.eh_frame)
 .eh_frame      0x08006f9c        0x0 /home/cuibapcuatui/st/stm32cubeide_1.15.1/plugins/com.st.stm32cube.ide.mcu.externaltools.gnu-tools-for-stm32.12.3.rel1.linux64_1.0.100.202403111256/tools/bin/../lib/gcc/arm-none-eabi/12.3.1/thumb/v7e-m+fp/hard/crtbegin.o
 *(.init)
 .init          0x08006f9c        0x4 /home/cuibapcuatui/st/stm32cubeide_1.15.1/plugins/com.st.stm32cube.ide.mcu.externaltools.gnu-tools-for-stm32.12.3.rel1.linux64_1.0.100.202403111256/tools/bin/../lib/gcc/arm-none-eabi/12.3.1/thumb/v7e-m+fp/hard/crti.o
                0x08006f9c                _init
 .init          0x08006fa0        0x8 /home/cuibapcuatui/st/stm32cubeide_1.15.1/plugins/com.st.stm32cube.ide.mcu.externaltools.gnu-tools-for-stm32.12.3.rel1.linux64_1.0.100.202403111256/tools/bin/../lib/gcc/arm-none-eabi/12.3.1/thumb/v7e-m+fp/hard/crtn.o
 *(.fini)
 .fini          0x08006fa8        0x4 /home/cuibapcuatui/st/stm32cubeide_1.15.1/plugins/com.st.stm32cube.ide.mcu.externaltools.gnu-tools-for-stm32.12.3.rel1.linux64_1.0.100.202403111256/tools/bin/../lib/gcc/arm-none-eabi/12.3.1/thumb/v7e-m+fp/hard/crti.o
                0x08006fa8                _fini
 .fini          0x08006fac        0x8 /home/cuibapcuatui/st/stm32cubeide_1.15.1/plugins/com.st.stm32cube.ide.mcu.externaltools.gnu-tools-for-stm32.12.3.rel1.linux64_1.0.100.202403111256/tools/bin/../lib/gcc/arm-none-eabi/12.3.1/thumb/v7e-m+fp/hard/crtn.o
                0x08006fb4                        . = ALIGN (0x4)
                0x08006fb4                        _etext = .

.vfp11_veneer   0x08006fb4        0x0
 .vfp11_veneer  0x08006fb4        0x0 linker stubs

.v4_bx          0x08006fb4        0x0
 .v4_bx         0x08006fb4        0x0 linker stubs

.iplt           0x08006fb4        0x0
 .iplt          0x08006fb4        0x0 /home/cuibapcuatui/st/stm32cubeide_1.15.1/plugins/com.st.stm32cube.ide.mcu.externaltools.gnu-tools-for-stm32.12.3.rel1.linux64_1.0.100.202403111256/tools/bin/../lib/gcc/arm-none-eabi/12.3.1/thumb/v7e-m+fp/hard/crtbegin.o

.rodata         0x08006fb4      0x150
                0x08006fb4                        . = ALIGN (0x4)
 *(.rodata)
 .rodata        0x08006fb4       0x7f ./Core/Src/KeyPad.o
 *fill*         0x08007033        0x1 
 .rodata        0x08007034       0x21 ./Core/Src/main.o
 *fill*         0x08007055        0x3 
 .rodata        0x08007058        0x5 ./Middlewares/Third_Party/FreeRTOS/Source/tasks.o
 *fill*         0x0800705d        0x3 
 .rodata        0x08007060        0xd ./Middlewares/Third_Party/FreeRTOS/Source/timers.o
 *(.rodata*)
 *fill*         0x0800706d        0x3 
 .rodata.Led3x6Task_attributes
                0x08007070       0x24 ./Core/Src/main.o
                0x08007070                Led3x6Task_attributes
 .rodata.KeyPad4x5Task_attributes
                0x08007094       0x24 ./Core/Src/main.o
                0x08007094                KeyPad4x5Task_attributes
 .rodata.AHBPrescTable
                0x080070b8       0x10 ./Core/Src/system_stm32f4xx.o
                0x080070b8                AHBPrescTable
 .rodata.APBPrescTable
                0x080070c8        0x8 ./Core/Src/system_stm32f4xx.o
                0x080070c8                APBPrescTable
 .rodata._svfprintf_r.str1.1
                0x080070d0       0x11 /home/cuibapcuatui/st/stm32cubeide_1.15.1/plugins/com.st.stm32cube.ide.mcu.externaltools.gnu-tools-for-stm32.12.3.rel1.linux64_1.0.100.202403111256/tools/bin/../lib/gcc/arm-none-eabi/12.3.1/../../../../arm-none-eabi/lib/thumb/v7e-m+fp/hard/libc_nano.a(libc_a-nano-svfprintf.o)
 .rodata._printf_i.str1.1
                0x080070e1       0x22 /home/cuibapcuatui/st/stm32cubeide_1.15.1/plugins/com.st.stm32cube.ide.mcu.externaltools.gnu-tools-for-stm32.12.3.rel1.linux64_1.0.100.202403111256/tools/bin/../lib/gcc/arm-none-eabi/12.3.1/../../../../arm-none-eabi/lib/thumb/v7e-m+fp/hard/libc_nano.a(libc_a-nano-vfprintf_i.o)
                0x08007104                        . = ALIGN (0x4)
 *fill*         0x08007103        0x1 

.ARM.extab      0x08007104        0x0
                0x08007104                        . = ALIGN (0x4)
 *(.ARM.extab* .gnu.linkonce.armextab.*)
                0x08007104                        . = ALIGN (0x4)

.ARM            0x08007104        0x8
                0x08007104                        . = ALIGN (0x4)
                0x08007104                        __exidx_start = .
 *(.ARM.exidx*)
 .ARM.exidx     0x08007104        0x8 /home/cuibapcuatui/st/stm32cubeide_1.15.1/plugins/com.st.stm32cube.ide.mcu.externaltools.gnu-tools-for-stm32.12.3.rel1.linux64_1.0.100.202403111256/tools/bin/../lib/gcc/arm-none-eabi/12.3.1/../../../../arm-none-eabi/lib/thumb/v7e-m+fp/hard/libc_nano.a(libc_a-strlen.o)
 .ARM.exidx     0x0800710c        0x0 /home/cuibapcuatui/st/stm32cubeide_1.15.1/plugins/com.st.stm32cube.ide.mcu.externaltools.gnu-tools-for-stm32.12.3.rel1.linux64_1.0.100.202403111256/tools/bin/../lib/gcc/arm-none-eabi/12.3.1/../../../../arm-none-eabi/lib/thumb/v7e-m+fp/hard/libc_nano.a(libc_a-memchr.o)
                                  0x8 (size before relaxing)
 .ARM.exidx     0x0800710c        0x0 /home/cuibapcuatui/st/stm32cubeide_1.15.1/plugins/com.st.stm32cube.ide.mcu.externaltools.gnu-tools-for-stm32.12.3.rel1.linux64_1.0.100.202403111256/tools/bin/../lib/gcc/arm-none-eabi/12.3.1/thumb/v7e-m+fp/hard/libgcc.a(_udivmoddi4.o)
                                  0x8 (size before relaxing)
                0x0800710c                        __exidx_end = .
                0x0800710c                        . = ALIGN (0x4)

.preinit_array  0x0800710c        0x0
                0x0800710c                        . = ALIGN (0x4)
                0x0800710c                        PROVIDE (__preinit_array_start = .)
 *(.preinit_array*)
                0x0800710c                        PROVIDE (__preinit_array_end = .)
                0x0800710c                        . = ALIGN (0x4)

.init_array     0x0800710c        0x4
                0x0800710c                        . = ALIGN (0x4)
                0x0800710c                        PROVIDE (__init_array_start = .)
 *(SORT_BY_NAME(.init_array.*))
 *(.init_array*)
 .init_array    0x0800710c        0x4 /home/cuibapcuatui/st/stm32cubeide_1.15.1/plugins/com.st.stm32cube.ide.mcu.externaltools.gnu-tools-for-stm32.12.3.rel1.linux64_1.0.100.202403111256/tools/bin/../lib/gcc/arm-none-eabi/12.3.1/thumb/v7e-m+fp/hard/crtbegin.o
                0x08007110                        PROVIDE (__init_array_end = .)
                0x08007110                        . = ALIGN (0x4)

.fini_array     0x08007110        0x4
                0x08007110                        . = ALIGN (0x4)
                [!provide]                        PROVIDE (__fini_array_start = .)
 *(SORT_BY_NAME(.fini_array.*))
 *(.fini_array*)
 .fini_array    0x08007110        0x4 /home/cuibapcuatui/st/stm32cubeide_1.15.1/plugins/com.st.stm32cube.ide.mcu.externaltools.gnu-tools-for-stm32.12.3.rel1.linux64_1.0.100.202403111256/tools/bin/../lib/gcc/arm-none-eabi/12.3.1/thumb/v7e-m+fp/hard/crtbegin.o
                [!provide]                        PROVIDE (__fini_array_end = .)
                0x08007114                        . = ALIGN (0x4)
                0x08007114                        _sidata = LOADADDR (.data)

.rel.dyn        0x08007114        0x0
 .rel.iplt      0x08007114        0x0 /home/cuibapcuatui/st/stm32cubeide_1.15.1/plugins/com.st.stm32cube.ide.mcu.externaltools.gnu-tools-for-stm32.12.3.rel1.linux64_1.0.100.202403111256/tools/bin/../lib/gcc/arm-none-eabi/12.3.1/thumb/v7e-m+fp/hard/crtbegin.o

.data           0x20000000       0xb4 load address 0x08007114
                0x20000000                        . = ALIGN (0x4)
                0x20000000                        _sdata = .
 *(.data)
 *(.data*)
 .data.keyPressed
                0x20000000        0x1 ./Core/Src/KeyPad.o
                0x20000000                keyPressed
 .data.lastKeyPressed
                0x20000001        0x1 ./Core/Src/KeyPad.o
                0x20000001                lastKeyPressed
 *fill*         0x20000002        0x2 
 .data.digitMapWithOutDP
                0x20000004        0xa ./Core/Src/LED3x6.o
                0x20000004                digitMapWithOutDP
 *fill*         0x2000000e        0x2 
 .data.specialCharMap
                0x20000010       0x11 ./Core/Src/LED3x6.o
                0x20000010                specialCharMap
 *fill*         0x20000021        0x3 
 .data.SevenSegBuffer
                0x20000024       0x15 ./Core/Src/LED3x6.o
                0x20000024                SevenSegBuffer
 *fill*         0x20000039        0x3 
 .data.password
                0x2000003c        0x4 ./Core/Src/main.o
                0x2000003c                password
 .data.totalLiters
                0x20000040        0x4 ./Core/Src/main.o
                0x20000040                totalLiters
 .data.totalLitersShift
                0x20000044        0x4 ./Core/Src/main.o
                0x20000044                totalLitersShift
 .data.currPrice
                0x20000048        0x4 ./Core/Src/main.o
                0x20000048                currPrice
 .data.roundedPrice
                0x2000004c        0x4 ./Core/Src/main.o
                0x2000004c                roundedPrice
 .data.LEDPointFlag
                0x20000050        0x4 ./Core/Src/main.o
                0x20000050                LEDPointFlag
 .data.SystemCoreClock
                0x20000054        0x4 ./Core/Src/system_stm32f4xx.o
                0x20000054                SystemCoreClock
 .data.uwTickPrio
                0x20000058        0x4 ./Drivers/STM32F4xx_HAL_Driver/Src/stm32f4xx_hal.o
                0x20000058                uwTickPrio
 .data.uwTickFreq
                0x2000005c        0x1 ./Drivers/STM32F4xx_HAL_Driver/Src/stm32f4xx_hal.o
                0x2000005c                uwTickFreq
 *fill*         0x2000005d        0x3 
 .data.uxCriticalNesting
                0x20000060        0x4 ./Middlewares/Third_Party/FreeRTOS/Source/portable/GCC/ARM_CM4F/port.o
 .data._impure_ptr
                0x20000064        0x4 /home/cuibapcuatui/st/stm32cubeide_1.15.1/plugins/com.st.stm32cube.ide.mcu.externaltools.gnu-tools-for-stm32.12.3.rel1.linux64_1.0.100.202403111256/tools/bin/../lib/gcc/arm-none-eabi/12.3.1/../../../../arm-none-eabi/lib/thumb/v7e-m+fp/hard/libc_nano.a(libc_a-impure.o)
                0x20000064                _impure_ptr
 .data._impure_data
                0x20000068       0x4c /home/cuibapcuatui/st/stm32cubeide_1.15.1/plugins/com.st.stm32cube.ide.mcu.externaltools.gnu-tools-for-stm32.12.3.rel1.linux64_1.0.100.202403111256/tools/bin/../lib/gcc/arm-none-eabi/12.3.1/../../../../arm-none-eabi/lib/thumb/v7e-m+fp/hard/libc_nano.a(libc_a-impure.o)
                0x20000068                _impure_data
 *(.RamFunc)
 *(.RamFunc*)
                0x200000b4                        . = ALIGN (0x4)
                0x200000b4                        _edata = .

.igot.plt       0x200000b4        0x0 load address 0x080071c8
 .igot.plt      0x200000b4        0x0 /home/cuibapcuatui/st/stm32cubeide_1.15.1/plugins/com.st.stm32cube.ide.mcu.externaltools.gnu-tools-for-stm32.12.3.rel1.linux64_1.0.100.202403111256/tools/bin/../lib/gcc/arm-none-eabi/12.3.1/thumb/v7e-m+fp/hard/crtbegin.o
                0x200000b4                        . = ALIGN (0x4)

.bss            0x200000b4     0x4c80 load address 0x080071c8
                0x200000b4                        _sbss = .
                0x200000b4                        __bss_start__ = _sbss
 *(.bss)
 .bss           0x200000b4       0x1c /home/cuibapcuatui/st/stm32cubeide_1.15.1/plugins/com.st.stm32cube.ide.mcu.externaltools.gnu-tools-for-stm32.12.3.rel1.linux64_1.0.100.202403111256/tools/bin/../lib/gcc/arm-none-eabi/12.3.1/thumb/v7e-m+fp/hard/crtbegin.o
 *(.bss*)
 .bss.lastDebounceTime
                0x200000d0        0x4 ./Core/Src/KeyPad.o
                0x200000d0                lastDebounceTime
 .bss.lastKeyPressTime
                0x200000d4        0x4 ./Core/Src/KeyPad.o
                0x200000d4                lastKeyPressTime
 .bss.accumulatedNumber
                0x200000d8        0x4 ./Core/Src/KeyPad.o
                0x200000d8                accumulatedNumber
 .bss.numberOfDigits
                0x200000dc        0x1 ./Core/Src/KeyPad.o
                0x200000dc                numberOfDigits
 *fill*         0x200000dd        0x3 
 .bss.row1      0x200000e0        0x4 ./Core/Src/KeyPad.o
                0x200000e0                row1
 .bss.row2      0x200000e4        0x4 ./Core/Src/KeyPad.o
                0x200000e4                row2
 .bss.currentPriceState
                0x200000e8        0x1 ./Core/Src/KeyPad.o
                0x200000e8                currentPriceState
 .bss.keyState  0x200000e9        0x1 ./Core/Src/KeyPad.o
                0x200000e9                keyState
 .bss.seqState  0x200000ea        0x1 ./Core/Src/KeyPad.o
                0x200000ea                seqState
 .bss.SevenSegScanState
                0x200000eb        0x1 ./Core/Src/LED3x6.o
                0x200000eb                SevenSegScanState
 .bss.displayBuffer
                0x200000ec        0xa ./Core/Src/LED3x6.o
                0x200000ec                displayBuffer
 .bss.currentBufferIndex
                0x200000f6        0x1 ./Core/Src/LED3x6.o
                0x200000f6                currentBufferIndex
 *fill*         0x200000f7        0x1 
 .bss.output.0  0x200000f8        0x3 ./Core/Src/LED3x6.o
 *fill*         0x200000fb        0x1 
 .bss.hspi1     0x200000fc       0x58 ./Core/Src/main.o
                0x200000fc                hspi1
 .bss.hspi2     0x20000154       0x58 ./Core/Src/main.o
                0x20000154                hspi2
 .bss.Led3x6TaskHandle
                0x200001ac        0x4 ./Core/Src/main.o
                0x200001ac                Led3x6TaskHandle
 .bss.KeyPad4x5TaskHandle
                0x200001b0        0x4 ./Core/Src/main.o
                0x200001b0                KeyPad4x5TaskHandle
 .bss.htim2     0x200001b4       0x48 ./Core/Src/stm32f4xx_hal_timebase_tim.o
                0x200001b4                htim2
 .bss.__sbrk_heap_end
                0x200001fc        0x4 ./Core/Src/sysmem.o
 .bss.uwTick    0x20000200        0x4 ./Drivers/STM32F4xx_HAL_Driver/Src/stm32f4xx_hal.o
                0x20000200                uwTick
 .bss.KernelState
                0x20000204        0x4 ./Middlewares/Third_Party/FreeRTOS/Source/CMSIS_RTOS_V2/cmsis_os2.o
 .bss.Idle_TCB.3
                0x20000208       0xa8 ./Middlewares/Third_Party/FreeRTOS/Source/CMSIS_RTOS_V2/cmsis_os2.o
 .bss.Idle_Stack.2
                0x200002b0      0x200 ./Middlewares/Third_Party/FreeRTOS/Source/CMSIS_RTOS_V2/cmsis_os2.o
 .bss.Timer_TCB.1
                0x200004b0       0xa8 ./Middlewares/Third_Party/FreeRTOS/Source/CMSIS_RTOS_V2/cmsis_os2.o
 .bss.Timer_Stack.0
                0x20000558      0x400 ./Middlewares/Third_Party/FreeRTOS/Source/CMSIS_RTOS_V2/cmsis_os2.o
 .bss.xQueueRegistry
                0x20000958       0x40 ./Middlewares/Third_Party/FreeRTOS/Source/queue.o
                0x20000958                xQueueRegistry
 .bss.pxCurrentTCB
                0x20000998        0x4 ./Middlewares/Third_Party/FreeRTOS/Source/tasks.o
                0x20000998                pxCurrentTCB
 .bss.pxReadyTasksLists
                0x2000099c      0x460 ./Middlewares/Third_Party/FreeRTOS/Source/tasks.o
 .bss.xDelayedTaskList1
                0x20000dfc       0x14 ./Middlewares/Third_Party/FreeRTOS/Source/tasks.o
 .bss.xDelayedTaskList2
                0x20000e10       0x14 ./Middlewares/Third_Party/FreeRTOS/Source/tasks.o
 .bss.pxDelayedTaskList
                0x20000e24        0x4 ./Middlewares/Third_Party/FreeRTOS/Source/tasks.o
 .bss.pxOverflowDelayedTaskList
                0x20000e28        0x4 ./Middlewares/Third_Party/FreeRTOS/Source/tasks.o
 .bss.xPendingReadyList
                0x20000e2c       0x14 ./Middlewares/Third_Party/FreeRTOS/Source/tasks.o
 .bss.xTasksWaitingTermination
                0x20000e40       0x14 ./Middlewares/Third_Party/FreeRTOS/Source/tasks.o
 .bss.uxDeletedTasksWaitingCleanUp
                0x20000e54        0x4 ./Middlewares/Third_Party/FreeRTOS/Source/tasks.o
 .bss.xSuspendedTaskList
                0x20000e58       0x14 ./Middlewares/Third_Party/FreeRTOS/Source/tasks.o
 .bss.uxCurrentNumberOfTasks
                0x20000e6c        0x4 ./Middlewares/Third_Party/FreeRTOS/Source/tasks.o
 .bss.xTickCount
                0x20000e70        0x4 ./Middlewares/Third_Party/FreeRTOS/Source/tasks.o
 .bss.uxTopReadyPriority
                0x20000e74        0x4 ./Middlewares/Third_Party/FreeRTOS/Source/tasks.o
 .bss.xSchedulerRunning
                0x20000e78        0x4 ./Middlewares/Third_Party/FreeRTOS/Source/tasks.o
 .bss.xPendedTicks
                0x20000e7c        0x4 ./Middlewares/Third_Party/FreeRTOS/Source/tasks.o
 .bss.xYieldPending
                0x20000e80        0x4 ./Middlewares/Third_Party/FreeRTOS/Source/tasks.o
 .bss.xNumOfOverflows
                0x20000e84        0x4 ./Middlewares/Third_Party/FreeRTOS/Source/tasks.o
 .bss.uxTaskNumber
                0x20000e88        0x4 ./Middlewares/Third_Party/FreeRTOS/Source/tasks.o
 .bss.xNextTaskUnblockTime
                0x20000e8c        0x4 ./Middlewares/Third_Party/FreeRTOS/Source/tasks.o
 .bss.xIdleTaskHandle
                0x20000e90        0x4 ./Middlewares/Third_Party/FreeRTOS/Source/tasks.o
 .bss.uxSchedulerSuspended
                0x20000e94        0x4 ./Middlewares/Third_Party/FreeRTOS/Source/tasks.o
 .bss.xActiveTimerList1
                0x20000e98       0x14 ./Middlewares/Third_Party/FreeRTOS/Source/timers.o
 .bss.xActiveTimerList2
                0x20000eac       0x14 ./Middlewares/Third_Party/FreeRTOS/Source/timers.o
 .bss.pxCurrentTimerList
                0x20000ec0        0x4 ./Middlewares/Third_Party/FreeRTOS/Source/timers.o
 .bss.pxOverflowTimerList
                0x20000ec4        0x4 ./Middlewares/Third_Party/FreeRTOS/Source/timers.o
 .bss.xTimerQueue
                0x20000ec8        0x4 ./Middlewares/Third_Party/FreeRTOS/Source/timers.o
 .bss.xTimerTaskHandle
                0x20000ecc        0x4 ./Middlewares/Third_Party/FreeRTOS/Source/timers.o
 .bss.xLastTime.2
                0x20000ed0        0x4 ./Middlewares/Third_Party/FreeRTOS/Source/timers.o
 .bss.ucStaticTimerQueueStorage.1
                0x20000ed4       0xa0 ./Middlewares/Third_Party/FreeRTOS/Source/timers.o
 .bss.xStaticTimerQueue.0
                0x20000f74       0x50 ./Middlewares/Third_Party/FreeRTOS/Source/timers.o
 .bss.ucMaxSysCallPriority
                0x20000fc4        0x1 ./Middlewares/Third_Party/FreeRTOS/Source/portable/GCC/ARM_CM4F/port.o
 *fill*         0x20000fc5        0x3 
 .bss.ulMaxPRIGROUPValue
                0x20000fc8        0x4 ./Middlewares/Third_Party/FreeRTOS/Source/portable/GCC/ARM_CM4F/port.o
 .bss.ucHeap    0x20000fcc     0x3c00 ./Middlewares/Third_Party/FreeRTOS/Source/portable/MemMang/heap_4.o
 .bss.xStart    0x20004bcc        0x8 ./Middlewares/Third_Party/FreeRTOS/Source/portable/MemMang/heap_4.o
 .bss.pxEnd     0x20004bd4        0x4 ./Middlewares/Third_Party/FreeRTOS/Source/portable/MemMang/heap_4.o
 .bss.xFreeBytesRemaining
                0x20004bd8        0x4 ./Middlewares/Third_Party/FreeRTOS/Source/portable/MemMang/heap_4.o
 .bss.xMinimumEverFreeBytesRemaining
                0x20004bdc        0x4 ./Middlewares/Third_Party/FreeRTOS/Source/portable/MemMang/heap_4.o
 .bss.xNumberOfSuccessfulAllocations
                0x20004be0        0x4 ./Middlewares/Third_Party/FreeRTOS/Source/portable/MemMang/heap_4.o
 .bss.xNumberOfSuccessfulFrees
                0x20004be4        0x4 ./Middlewares/Third_Party/FreeRTOS/Source/portable/MemMang/heap_4.o
 .bss.xBlockAllocatedBit
                0x20004be8        0x4 ./Middlewares/Third_Party/FreeRTOS/Source/portable/MemMang/heap_4.o
 .bss.__sf      0x20004bec      0x138 /home/cuibapcuatui/st/stm32cubeide_1.15.1/plugins/com.st.stm32cube.ide.mcu.externaltools.gnu-tools-for-stm32.12.3.rel1.linux64_1.0.100.202403111256/tools/bin/../lib/gcc/arm-none-eabi/12.3.1/../../../../arm-none-eabi/lib/thumb/v7e-m+fp/hard/libc_nano.a(libc_a-findfp.o)
                0x20004bec                __sf
 .bss.errno     0x20004d24        0x4 /home/cuibapcuatui/st/stm32cubeide_1.15.1/plugins/com.st.stm32cube.ide.mcu.externaltools.gnu-tools-for-stm32.12.3.rel1.linux64_1.0.100.202403111256/tools/bin/../lib/gcc/arm-none-eabi/12.3.1/../../../../arm-none-eabi/lib/thumb/v7e-m+fp/hard/libc_nano.a(libc_a-reent.o)
                0x20004d24                errno
 .bss.__lock___malloc_recursive_mutex
                0x20004d28        0x1 /home/cuibapcuatui/st/stm32cubeide_1.15.1/plugins/com.st.stm32cube.ide.mcu.externaltools.gnu-tools-for-stm32.12.3.rel1.linux64_1.0.100.202403111256/tools/bin/../lib/gcc/arm-none-eabi/12.3.1/../../../../arm-none-eabi/lib/thumb/v7e-m+fp/hard/libc_nano.a(libc_a-lock.o)
                0x20004d28                __lock___malloc_recursive_mutex
 *fill*         0x20004d29        0x3 
 .bss.__malloc_sbrk_start
                0x20004d2c        0x4 /home/cuibapcuatui/st/stm32cubeide_1.15.1/plugins/com.st.stm32cube.ide.mcu.externaltools.gnu-tools-for-stm32.12.3.rel1.linux64_1.0.100.202403111256/tools/bin/../lib/gcc/arm-none-eabi/12.3.1/../../../../arm-none-eabi/lib/thumb/v7e-m+fp/hard/libc_nano.a(libc_a-mallocr.o)
                0x20004d2c                __malloc_sbrk_start
 .bss.__malloc_free_list
                0x20004d30        0x4 /home/cuibapcuatui/st/stm32cubeide_1.15.1/plugins/com.st.stm32cube.ide.mcu.externaltools.gnu-tools-for-stm32.12.3.rel1.linux64_1.0.100.202403111256/tools/bin/../lib/gcc/arm-none-eabi/12.3.1/../../../../arm-none-eabi/lib/thumb/v7e-m+fp/hard/libc_nano.a(libc_a-mallocr.o)
                0x20004d30                __malloc_free_list
 *(COMMON)
                0x20004d34                        . = ALIGN (0x4)
                0x20004d34                        _ebss = .
                0x20004d34                        __bss_end__ = _ebss

._user_heap_stack
                0x20004d34      0x604 load address 0x080071c8
                0x20004d38                        . = ALIGN (0x8)
 *fill*         0x20004d34        0x4 
                [!provide]                        PROVIDE (end = .)
                0x20004d38                        PROVIDE (_end = .)
                0x20004f38                        . = (. + _Min_Heap_Size)
 *fill*         0x20004d38      0x200 
                0x20005338                        . = (. + _Min_Stack_Size)
 *fill*         0x20004f38      0x400 
                0x20005338                        . = ALIGN (0x8)

/DISCARD/
 libc.a(*)
 libm.a(*)
 libgcc.a(*)

.ARM.attributes
                0x00000000       0x30
 *(.ARM.attributes)
 .ARM.attributes
                0x00000000       0x22 /home/cuibapcuatui/st/stm32cubeide_1.15.1/plugins/com.st.stm32cube.ide.mcu.externaltools.gnu-tools-for-stm32.12.3.rel1.linux64_1.0.100.202403111256/tools/bin/../lib/gcc/arm-none-eabi/12.3.1/thumb/v7e-m+fp/hard/crti.o
 .ARM.attributes
                0x00000022       0x34 /home/cuibapcuatui/st/stm32cubeide_1.15.1/plugins/com.st.stm32cube.ide.mcu.externaltools.gnu-tools-for-stm32.12.3.rel1.linux64_1.0.100.202403111256/tools/bin/../lib/gcc/arm-none-eabi/12.3.1/thumb/v7e-m+fp/hard/crtbegin.o
 .ARM.attributes
                0x00000056       0x34 ./Core/Src/KeyPad.o
 .ARM.attributes
                0x0000008a       0x34 ./Core/Src/LED3x6.o
 .ARM.attributes
                0x000000be       0x34 ./Core/Src/SPI_shift.o
 .ARM.attributes
                0x000000f2       0x34 ./Core/Src/main.o
 .ARM.attributes
                0x00000126       0x34 ./Core/Src/stm32f4xx_hal_msp.o
 .ARM.attributes
                0x0000015a       0x34 ./Core/Src/stm32f4xx_hal_timebase_tim.o
 .ARM.attributes
                0x0000018e       0x34 ./Core/Src/stm32f4xx_it.o
 .ARM.attributes
                0x000001c2       0x34 ./Core/Src/sysmem.o
 .ARM.attributes
                0x000001f6       0x34 ./Core/Src/system_stm32f4xx.o
 .ARM.attributes
                0x0000022a       0x21 ./Core/Startup/startup_stm32f411retx.o
 .ARM.attributes
                0x0000024b       0x34 ./Drivers/STM32F4xx_HAL_Driver/Src/stm32f4xx_hal.o
 .ARM.attributes
                0x0000027f       0x34 ./Drivers/STM32F4xx_HAL_Driver/Src/stm32f4xx_hal_cortex.o
 .ARM.attributes
                0x000002b3       0x34 ./Drivers/STM32F4xx_HAL_Driver/Src/stm32f4xx_hal_gpio.o
 .ARM.attributes
                0x000002e7       0x34 ./Drivers/STM32F4xx_HAL_Driver/Src/stm32f4xx_hal_rcc.o
 .ARM.attributes
                0x0000031b       0x34 ./Drivers/STM32F4xx_HAL_Driver/Src/stm32f4xx_hal_spi.o
 .ARM.attributes
                0x0000034f       0x34 ./Drivers/STM32F4xx_HAL_Driver/Src/stm32f4xx_hal_tim.o
 .ARM.attributes
                0x00000383       0x34 ./Drivers/STM32F4xx_HAL_Driver/Src/stm32f4xx_hal_tim_ex.o
 .ARM.attributes
                0x000003b7       0x34 ./Middlewares/Third_Party/FreeRTOS/Source/CMSIS_RTOS_V2/cmsis_os2.o
 .ARM.attributes
                0x000003eb       0x34 ./Middlewares/Third_Party/FreeRTOS/Source/list.o
 .ARM.attributes
                0x0000041f       0x34 ./Middlewares/Third_Party/FreeRTOS/Source/queue.o
 .ARM.attributes
                0x00000453       0x34 ./Middlewares/Third_Party/FreeRTOS/Source/tasks.o
 .ARM.attributes
                0x00000487       0x34 ./Middlewares/Third_Party/FreeRTOS/Source/timers.o
 .ARM.attributes
                0x000004bb       0x34 ./Middlewares/Third_Party/FreeRTOS/Source/portable/GCC/ARM_CM4F/port.o
 .ARM.attributes
                0x000004ef       0x34 ./Middlewares/Third_Party/FreeRTOS/Source/portable/MemMang/heap_4.o
 .ARM.attributes
                0x00000523       0x34 /home/cuibapcuatui/st/stm32cubeide_1.15.1/plugins/com.st.stm32cube.ide.mcu.externaltools.gnu-tools-for-stm32.12.3.rel1.linux64_1.0.100.202403111256/tools/bin/../lib/gcc/arm-none-eabi/12.3.1/../../../../arm-none-eabi/lib/thumb/v7e-m+fp/hard/libc_nano.a(libc_a-findfp.o)
 .ARM.attributes
                0x00000557       0x34 /home/cuibapcuatui/st/stm32cubeide_1.15.1/plugins/com.st.stm32cube.ide.mcu.externaltools.gnu-tools-for-stm32.12.3.rel1.linux64_1.0.100.202403111256/tools/bin/../lib/gcc/arm-none-eabi/12.3.1/../../../../arm-none-eabi/lib/thumb/v7e-m+fp/hard/libc_nano.a(libc_a-snprintf.o)
 .ARM.attributes
                0x0000058b       0x34 /home/cuibapcuatui/st/stm32cubeide_1.15.1/plugins/com.st.stm32cube.ide.mcu.externaltools.gnu-tools-for-stm32.12.3.rel1.linux64_1.0.100.202403111256/tools/bin/../lib/gcc/arm-none-eabi/12.3.1/../../../../arm-none-eabi/lib/thumb/v7e-m+fp/hard/libc_nano.a(libc_a-memset.o)
 .ARM.attributes
                0x000005bf       0x34 /home/cuibapcuatui/st/stm32cubeide_1.15.1/plugins/com.st.stm32cube.ide.mcu.externaltools.gnu-tools-for-stm32.12.3.rel1.linux64_1.0.100.202403111256/tools/bin/../lib/gcc/arm-none-eabi/12.3.1/../../../../arm-none-eabi/lib/thumb/v7e-m+fp/hard/libc_nano.a(libc_a-reent.o)
 .ARM.attributes
                0x000005f3       0x34 /home/cuibapcuatui/st/stm32cubeide_1.15.1/plugins/com.st.stm32cube.ide.mcu.externaltools.gnu-tools-for-stm32.12.3.rel1.linux64_1.0.100.202403111256/tools/bin/../lib/gcc/arm-none-eabi/12.3.1/../../../../arm-none-eabi/lib/thumb/v7e-m+fp/hard/libc_nano.a(libc_a-impure.o)
 .ARM.attributes
                0x00000627       0x34 /home/cuibapcuatui/st/stm32cubeide_1.15.1/plugins/com.st.stm32cube.ide.mcu.externaltools.gnu-tools-for-stm32.12.3.rel1.linux64_1.0.100.202403111256/tools/bin/../lib/gcc/arm-none-eabi/12.3.1/../../../../arm-none-eabi/lib/thumb/v7e-m+fp/hard/libc_nano.a(libc_a-errno.o)
 .ARM.attributes
                0x0000065b       0x34 /home/cuibapcuatui/st/stm32cubeide_1.15.1/plugins/com.st.stm32cube.ide.mcu.externaltools.gnu-tools-for-stm32.12.3.rel1.linux64_1.0.100.202403111256/tools/bin/../lib/gcc/arm-none-eabi/12.3.1/../../../../arm-none-eabi/lib/thumb/v7e-m+fp/hard/libc_nano.a(libc_a-init.o)
 .ARM.attributes
                0x0000068f       0x34 /home/cuibapcuatui/st/stm32cubeide_1.15.1/plugins/com.st.stm32cube.ide.mcu.externaltools.gnu-tools-for-stm32.12.3.rel1.linux64_1.0.100.202403111256/tools/bin/../lib/gcc/arm-none-eabi/12.3.1/../../../../arm-none-eabi/lib/thumb/v7e-m+fp/hard/libc_nano.a(libc_a-lock.o)
 .ARM.attributes
                0x000006c3       0x34 /home/cuibapcuatui/st/stm32cubeide_1.15.1/plugins/com.st.stm32cube.ide.mcu.externaltools.gnu-tools-for-stm32.12.3.rel1.linux64_1.0.100.202403111256/tools/bin/../lib/gcc/arm-none-eabi/12.3.1/../../../../arm-none-eabi/lib/thumb/v7e-m+fp/hard/libc_nano.a(libc_a-memcpy-stub.o)
 .ARM.attributes
                0x000006f7       0x17 /home/cuibapcuatui/st/stm32cubeide_1.15.1/plugins/com.st.stm32cube.ide.mcu.externaltools.gnu-tools-for-stm32.12.3.rel1.linux64_1.0.100.202403111256/tools/bin/../lib/gcc/arm-none-eabi/12.3.1/../../../../arm-none-eabi/lib/thumb/v7e-m+fp/hard/libc_nano.a(libc_a-strlen.o)
 .ARM.attributes
                0x0000070e       0x34 /home/cuibapcuatui/st/stm32cubeide_1.15.1/plugins/com.st.stm32cube.ide.mcu.externaltools.gnu-tools-for-stm32.12.3.rel1.linux64_1.0.100.202403111256/tools/bin/../lib/gcc/arm-none-eabi/12.3.1/../../../../arm-none-eabi/lib/thumb/v7e-m+fp/hard/libc_nano.a(libc_a-freer.o)
 .ARM.attributes
                0x00000742       0x34 /home/cuibapcuatui/st/stm32cubeide_1.15.1/plugins/com.st.stm32cube.ide.mcu.externaltools.gnu-tools-for-stm32.12.3.rel1.linux64_1.0.100.202403111256/tools/bin/../lib/gcc/arm-none-eabi/12.3.1/../../../../arm-none-eabi/lib/thumb/v7e-m+fp/hard/libc_nano.a(libc_a-mallocr.o)
 .ARM.attributes
                0x00000776       0x34 /home/cuibapcuatui/st/stm32cubeide_1.15.1/plugins/com.st.stm32cube.ide.mcu.externaltools.gnu-tools-for-stm32.12.3.rel1.linux64_1.0.100.202403111256/tools/bin/../lib/gcc/arm-none-eabi/12.3.1/../../../../arm-none-eabi/lib/thumb/v7e-m+fp/hard/libc_nano.a(libc_a-mlock.o)
 .ARM.attributes
                0x000007aa       0x34 /home/cuibapcuatui/st/stm32cubeide_1.15.1/plugins/com.st.stm32cube.ide.mcu.externaltools.gnu-tools-for-stm32.12.3.rel1.linux64_1.0.100.202403111256/tools/bin/../lib/gcc/arm-none-eabi/12.3.1/../../../../arm-none-eabi/lib/thumb/v7e-m+fp/hard/libc_nano.a(libc_a-nano-svfprintf.o)
 .ARM.attributes
                0x000007de       0x34 /home/cuibapcuatui/st/stm32cubeide_1.15.1/plugins/com.st.stm32cube.ide.mcu.externaltools.gnu-tools-for-stm32.12.3.rel1.linux64_1.0.100.202403111256/tools/bin/../lib/gcc/arm-none-eabi/12.3.1/../../../../arm-none-eabi/lib/thumb/v7e-m+fp/hard/libc_nano.a(libc_a-nano-vfprintf_i.o)
 .ARM.attributes
                0x00000812       0x34 /home/cuibapcuatui/st/stm32cubeide_1.15.1/plugins/com.st.stm32cube.ide.mcu.externaltools.gnu-tools-for-stm32.12.3.rel1.linux64_1.0.100.202403111256/tools/bin/../lib/gcc/arm-none-eabi/12.3.1/../../../../arm-none-eabi/lib/thumb/v7e-m+fp/hard/libc_nano.a(libc_a-memmove.o)
 .ARM.attributes
                0x00000846       0x34 /home/cuibapcuatui/st/stm32cubeide_1.15.1/plugins/com.st.stm32cube.ide.mcu.externaltools.gnu-tools-for-stm32.12.3.rel1.linux64_1.0.100.202403111256/tools/bin/../lib/gcc/arm-none-eabi/12.3.1/../../../../arm-none-eabi/lib/thumb/v7e-m+fp/hard/libc_nano.a(libc_a-sbrkr.o)
 .ARM.attributes
                0x0000087a       0x1c /home/cuibapcuatui/st/stm32cubeide_1.15.1/plugins/com.st.stm32cube.ide.mcu.externaltools.gnu-tools-for-stm32.12.3.rel1.linux64_1.0.100.202403111256/tools/bin/../lib/gcc/arm-none-eabi/12.3.1/../../../../arm-none-eabi/lib/thumb/v7e-m+fp/hard/libc_nano.a(libc_a-memchr.o)
 .ARM.attributes
                0x00000896       0x34 /home/cuibapcuatui/st/stm32cubeide_1.15.1/plugins/com.st.stm32cube.ide.mcu.externaltools.gnu-tools-for-stm32.12.3.rel1.linux64_1.0.100.202403111256/tools/bin/../lib/gcc/arm-none-eabi/12.3.1/../../../../arm-none-eabi/lib/thumb/v7e-m+fp/hard/libc_nano.a(libc_a-reallocr.o)
 .ARM.attributes
                0x000008ca       0x34 /home/cuibapcuatui/st/stm32cubeide_1.15.1/plugins/com.st.stm32cube.ide.mcu.externaltools.gnu-tools-for-stm32.12.3.rel1.linux64_1.0.100.202403111256/tools/bin/../lib/gcc/arm-none-eabi/12.3.1/../../../../arm-none-eabi/lib/thumb/v7e-m+fp/hard/libc_nano.a(libc_a-msizer.o)
 .ARM.attributes
                0x000008fe       0x22 /home/cuibapcuatui/st/stm32cubeide_1.15.1/plugins/com.st.stm32cube.ide.mcu.externaltools.gnu-tools-for-stm32.12.3.rel1.linux64_1.0.100.202403111256/tools/bin/../lib/gcc/arm-none-eabi/12.3.1/thumb/v7e-m+fp/hard/libgcc.a(_aeabi_uldivmod.o)
 .ARM.attributes
                0x00000920       0x34 /home/cuibapcuatui/st/stm32cubeide_1.15.1/plugins/com.st.stm32cube.ide.mcu.externaltools.gnu-tools-for-stm32.12.3.rel1.linux64_1.0.100.202403111256/tools/bin/../lib/gcc/arm-none-eabi/12.3.1/thumb/v7e-m+fp/hard/libgcc.a(_udivmoddi4.o)
 .ARM.attributes
                0x00000954       0x22 /home/cuibapcuatui/st/stm32cubeide_1.15.1/plugins/com.st.stm32cube.ide.mcu.externaltools.gnu-tools-for-stm32.12.3.rel1.linux64_1.0.100.202403111256/tools/bin/../lib/gcc/arm-none-eabi/12.3.1/thumb/v7e-m+fp/hard/libgcc.a(_dvmd_tls.o)
 .ARM.attributes
                0x00000976       0x22 /home/cuibapcuatui/st/stm32cubeide_1.15.1/plugins/com.st.stm32cube.ide.mcu.externaltools.gnu-tools-for-stm32.12.3.rel1.linux64_1.0.100.202403111256/tools/bin/../lib/gcc/arm-none-eabi/12.3.1/thumb/v7e-m+fp/hard/crtn.o
OUTPUT(KPL_STM32F411RE.elf elf32-littlearm)
LOAD linker stubs
LOAD /home/cuibapcuatui/st/stm32cubeide_1.15.1/plugins/com.st.stm32cube.ide.mcu.externaltools.gnu-tools-for-stm32.12.3.rel1.linux64_1.0.100.202403111256/tools/bin/../lib/gcc/arm-none-eabi/12.3.1/../../../../arm-none-eabi/lib/thumb/v7e-m+fp/hard/libc.a
LOAD /home/cuibapcuatui/st/stm32cubeide_1.15.1/plugins/com.st.stm32cube.ide.mcu.externaltools.gnu-tools-for-stm32.12.3.rel1.linux64_1.0.100.202403111256/tools/bin/../lib/gcc/arm-none-eabi/12.3.1/../../../../arm-none-eabi/lib/thumb/v7e-m+fp/hard/libm.a
LOAD /home/cuibapcuatui/st/stm32cubeide_1.15.1/plugins/com.st.stm32cube.ide.mcu.externaltools.gnu-tools-for-stm32.12.3.rel1.linux64_1.0.100.202403111256/tools/bin/../lib/gcc/arm-none-eabi/12.3.1/thumb/v7e-m+fp/hard/libgcc.a

.debug_info     0x00000000    0x16ffd
 .debug_info    0x00000000      0x6a8 ./Core/Src/KeyPad.o
 .debug_info    0x000006a8      0x327 ./Core/Src/LED3x6.o
 .debug_info    0x000009cf      0x76f ./Core/Src/SPI_shift.o
 .debug_info    0x0000113e     0x1414 ./Core/Src/main.o
 .debug_info    0x00002552      0xb5c ./Core/Src/stm32f4xx_hal_msp.o
 .debug_info    0x000030ae      0xb83 ./Core/Src/stm32f4xx_hal_timebase_tim.o
 .debug_info    0x00003c31      0x6ab ./Core/Src/stm32f4xx_it.o
 .debug_info    0x000042dc      0x168 ./Core/Src/sysmem.o
 .debug_info    0x00004444      0x53e ./Core/Src/system_stm32f4xx.o
 .debug_info    0x00004982       0x30 ./Core/Startup/startup_stm32f411retx.o
 .debug_info    0x000049b2      0x8c4 ./Drivers/STM32F4xx_HAL_Driver/Src/stm32f4xx_hal.o
 .debug_info    0x00005276      0xcc7 ./Drivers/STM32F4xx_HAL_Driver/Src/stm32f4xx_hal_cortex.o
 .debug_info    0x00005f3d      0x6f9 ./Drivers/STM32F4xx_HAL_Driver/Src/stm32f4xx_hal_gpio.o
 .debug_info    0x00006636      0x8f2 ./Drivers/STM32F4xx_HAL_Driver/Src/stm32f4xx_hal_rcc.o
 .debug_info    0x00006f28     0x1606 ./Drivers/STM32F4xx_HAL_Driver/Src/stm32f4xx_hal_spi.o
 .debug_info    0x0000852e     0x2996 ./Drivers/STM32F4xx_HAL_Driver/Src/stm32f4xx_hal_tim.o
 .debug_info    0x0000aec4     0x14d4 ./Drivers/STM32F4xx_HAL_Driver/Src/stm32f4xx_hal_tim_ex.o
 .debug_info    0x0000c398     0x4079 ./Middlewares/Third_Party/FreeRTOS/Source/CMSIS_RTOS_V2/cmsis_os2.o
 .debug_info    0x00010411      0x2af ./Middlewares/Third_Party/FreeRTOS/Source/list.o
 .debug_info    0x000106c0     0x1b79 ./Middlewares/Third_Party/FreeRTOS/Source/queue.o
 .debug_info    0x00012239     0x28c1 ./Middlewares/Third_Party/FreeRTOS/Source/tasks.o
 .debug_info    0x00014afa     0x1b50 ./Middlewares/Third_Party/FreeRTOS/Source/timers.o
 .debug_info    0x0001664a      0x4de ./Middlewares/Third_Party/FreeRTOS/Source/portable/GCC/ARM_CM4F/port.o
 .debug_info    0x00016b28      0x4d5 ./Middlewares/Third_Party/FreeRTOS/Source/portable/MemMang/heap_4.o

.debug_abbrev   0x00000000     0x37ff
 .debug_abbrev  0x00000000      0x299 ./Core/Src/KeyPad.o
 .debug_abbrev  0x00000299      0x1b5 ./Core/Src/LED3x6.o
 .debug_abbrev  0x0000044e      0x1c5 ./Core/Src/SPI_shift.o
 .debug_abbrev  0x00000613      0x32b ./Core/Src/main.o
 .debug_abbrev  0x0000093e      0x1c2 ./Core/Src/stm32f4xx_hal_msp.o
 .debug_abbrev  0x00000b00      0x207 ./Core/Src/stm32f4xx_hal_timebase_tim.o
 .debug_abbrev  0x00000d07      0x190 ./Core/Src/stm32f4xx_it.o
 .debug_abbrev  0x00000e97       0xbc ./Core/Src/sysmem.o
 .debug_abbrev  0x00000f53      0x11a ./Core/Src/system_stm32f4xx.o
 .debug_abbrev  0x0000106d       0x24 ./Core/Startup/startup_stm32f411retx.o
 .debug_abbrev  0x00001091      0x24b ./Drivers/STM32F4xx_HAL_Driver/Src/stm32f4xx_hal.o
 .debug_abbrev  0x000012dc      0x328 ./Drivers/STM32F4xx_HAL_Driver/Src/stm32f4xx_hal_cortex.o
 .debug_abbrev  0x00001604      0x1d3 ./Drivers/STM32F4xx_HAL_Driver/Src/stm32f4xx_hal_gpio.o
 .debug_abbrev  0x000017d7      0x2b5 ./Drivers/STM32F4xx_HAL_Driver/Src/stm32f4xx_hal_rcc.o
 .debug_abbrev  0x00001a8c      0x280 ./Drivers/STM32F4xx_HAL_Driver/Src/stm32f4xx_hal_spi.o
 .debug_abbrev  0x00001d0c      0x28b ./Drivers/STM32F4xx_HAL_Driver/Src/stm32f4xx_hal_tim.o
 .debug_abbrev  0x00001f97      0x296 ./Drivers/STM32F4xx_HAL_Driver/Src/stm32f4xx_hal_tim_ex.o
 .debug_abbrev  0x0000222d      0x548 ./Middlewares/Third_Party/FreeRTOS/Source/CMSIS_RTOS_V2/cmsis_os2.o
 .debug_abbrev  0x00002775       0xf5 ./Middlewares/Third_Party/FreeRTOS/Source/list.o
 .debug_abbrev  0x0000286a      0x3b6 ./Middlewares/Third_Party/FreeRTOS/Source/queue.o
 .debug_abbrev  0x00002c20      0x3fe ./Middlewares/Third_Party/FreeRTOS/Source/tasks.o
 .debug_abbrev  0x0000301e      0x368 ./Middlewares/Third_Party/FreeRTOS/Source/timers.o
 .debug_abbrev  0x00003386      0x25c ./Middlewares/Third_Party/FreeRTOS/Source/portable/GCC/ARM_CM4F/port.o
 .debug_abbrev  0x000035e2      0x21d ./Middlewares/Third_Party/FreeRTOS/Source/portable/MemMang/heap_4.o

.debug_aranges  0x00000000     0x1438
 .debug_aranges
                0x00000000       0x50 ./Core/Src/KeyPad.o
 .debug_aranges
                0x00000050       0x38 ./Core/Src/LED3x6.o
 .debug_aranges
                0x00000088       0x20 ./Core/Src/SPI_shift.o
 .debug_aranges
                0x000000a8       0x60 ./Core/Src/main.o
 .debug_aranges
                0x00000108       0x30 ./Core/Src/stm32f4xx_hal_msp.o
 .debug_aranges
                0x00000138       0x30 ./Core/Src/stm32f4xx_hal_timebase_tim.o
 .debug_aranges
                0x00000168       0x50 ./Core/Src/stm32f4xx_it.o
 .debug_aranges
                0x000001b8       0x20 ./Core/Src/sysmem.o
 .debug_aranges
                0x000001d8       0x28 ./Core/Src/system_stm32f4xx.o
 .debug_aranges
                0x00000200       0x28 ./Core/Startup/startup_stm32f411retx.o
 .debug_aranges
                0x00000228       0xf0 ./Drivers/STM32F4xx_HAL_Driver/Src/stm32f4xx_hal.o
 .debug_aranges
                0x00000318      0x120 ./Drivers/STM32F4xx_HAL_Driver/Src/stm32f4xx_hal_cortex.o
 .debug_aranges
                0x00000438       0x58 ./Drivers/STM32F4xx_HAL_Driver/Src/stm32f4xx_hal_gpio.o
 .debug_aranges
                0x00000490       0x88 ./Drivers/STM32F4xx_HAL_Driver/Src/stm32f4xx_hal_rcc.o
 .debug_aranges
                0x00000518      0x1d0 ./Drivers/STM32F4xx_HAL_Driver/Src/stm32f4xx_hal_spi.o
 .debug_aranges
                0x000006e8      0x3d0 ./Drivers/STM32F4xx_HAL_Driver/Src/stm32f4xx_hal_tim.o
 .debug_aranges
                0x00000ab8      0x168 ./Drivers/STM32F4xx_HAL_Driver/Src/stm32f4xx_hal_tim_ex.o
 .debug_aranges
                0x00000c20      0x2b0 ./Middlewares/Third_Party/FreeRTOS/Source/CMSIS_RTOS_V2/cmsis_os2.o
 .debug_aranges
                0x00000ed0       0x40 ./Middlewares/Third_Party/FreeRTOS/Source/list.o
 .debug_aranges
                0x00000f10      0x158 ./Middlewares/Third_Party/FreeRTOS/Source/queue.o
 .debug_aranges
                0x00001068      0x208 ./Middlewares/Third_Party/FreeRTOS/Source/tasks.o
 .debug_aranges
                0x00001270       0xf0 ./Middlewares/Third_Party/FreeRTOS/Source/timers.o
 .debug_aranges
                0x00001360       0x80 ./Middlewares/Third_Party/FreeRTOS/Source/portable/GCC/ARM_CM4F/port.o
 .debug_aranges
                0x000013e0       0x58 ./Middlewares/Third_Party/FreeRTOS/Source/portable/MemMang/heap_4.o

.debug_rnglists
                0x00000000      0xf8e
 .debug_rnglists
                0x00000000       0x3c ./Core/Src/KeyPad.o
 .debug_rnglists
                0x0000003c       0x29 ./Core/Src/LED3x6.o
 .debug_rnglists
                0x00000065       0x14 ./Core/Src/SPI_shift.o
 .debug_rnglists
                0x00000079       0x45 ./Core/Src/main.o
 .debug_rnglists
                0x000000be       0x20 ./Core/Src/stm32f4xx_hal_msp.o
 .debug_rnglists
                0x000000de       0x20 ./Core/Src/stm32f4xx_hal_timebase_tim.o
 .debug_rnglists
                0x000000fe       0x37 ./Core/Src/stm32f4xx_it.o
 .debug_rnglists
                0x00000135       0x13 ./Core/Src/sysmem.o
 .debug_rnglists
                0x00000148       0x1a ./Core/Src/system_stm32f4xx.o
 .debug_rnglists
                0x00000162       0x19 ./Core/Startup/startup_stm32f411retx.o
 .debug_rnglists
                0x0000017b       0xaf ./Drivers/STM32F4xx_HAL_Driver/Src/stm32f4xx_hal.o
 .debug_rnglists
                0x0000022a       0xd4 ./Drivers/STM32F4xx_HAL_Driver/Src/stm32f4xx_hal_cortex.o
 .debug_rnglists
                0x000002fe       0x3f ./Drivers/STM32F4xx_HAL_Driver/Src/stm32f4xx_hal_gpio.o
 .debug_rnglists
                0x0000033d       0x66 ./Drivers/STM32F4xx_HAL_Driver/Src/stm32f4xx_hal_rcc.o
 .debug_rnglists
                0x000003a3      0x16f ./Drivers/STM32F4xx_HAL_Driver/Src/stm32f4xx_hal_spi.o
 .debug_rnglists
                0x00000512      0x31a ./Drivers/STM32F4xx_HAL_Driver/Src/stm32f4xx_hal_tim.o
 .debug_rnglists
                0x0000082c      0x125 ./Drivers/STM32F4xx_HAL_Driver/Src/stm32f4xx_hal_tim_ex.o
 .debug_rnglists
                0x00000951      0x212 ./Middlewares/Third_Party/FreeRTOS/Source/CMSIS_RTOS_V2/cmsis_os2.o
 .debug_rnglists
                0x00000b63       0x2b ./Middlewares/Third_Party/FreeRTOS/Source/list.o
 .debug_rnglists
                0x00000b8e      0x109 ./Middlewares/Third_Party/FreeRTOS/Source/queue.o
 .debug_rnglists
                0x00000c97      0x1a0 ./Middlewares/Third_Party/FreeRTOS/Source/tasks.o
 .debug_rnglists
                0x00000e37       0xb8 ./Middlewares/Third_Party/FreeRTOS/Source/timers.o
 .debug_rnglists
                0x00000eef       0x5d ./Middlewares/Third_Party/FreeRTOS/Source/portable/GCC/ARM_CM4F/port.o
 .debug_rnglists
                0x00000f4c       0x42 ./Middlewares/Third_Party/FreeRTOS/Source/portable/MemMang/heap_4.o

.debug_macro    0x00000000    0x1938d
 .debug_macro   0x00000000      0x391 ./Core/Src/KeyPad.o
 .debug_macro   0x00000391      0xab4 ./Core/Src/KeyPad.o
 .debug_macro   0x00000e45      0x29b ./Core/Src/KeyPad.o
 .debug_macro   0x000010e0       0x2e ./Core/Src/KeyPad.o
 .debug_macro   0x0000110e       0x28 ./Core/Src/KeyPad.o
 .debug_macro   0x00001136       0x22 ./Core/Src/KeyPad.o
 .debug_macro   0x00001158       0x8e ./Core/Src/KeyPad.o
 .debug_macro   0x000011e6       0x51 ./Core/Src/KeyPad.o
 .debug_macro   0x00001237      0x103 ./Core/Src/KeyPad.o
 .debug_macro   0x0000133a       0x6a ./Core/Src/KeyPad.o
 .debug_macro   0x000013a4      0x1df ./Core/Src/KeyPad.o
 .debug_macro   0x00001583       0x1c ./Core/Src/KeyPad.o
 .debug_macro   0x0000159f       0x22 ./Core/Src/KeyPad.o
 .debug_macro   0x000015c1       0xfb ./Core/Src/KeyPad.o
 .debug_macro   0x000016bc     0x1011 ./Core/Src/KeyPad.o
 .debug_macro   0x000026cd      0x11f ./Core/Src/KeyPad.o
 .debug_macro   0x000027ec     0xb953 ./Core/Src/KeyPad.o
 .debug_macro   0x0000e13f       0x6d ./Core/Src/KeyPad.o
 .debug_macro   0x0000e1ac     0x368c ./Core/Src/KeyPad.o
 .debug_macro   0x00011838      0x189 ./Core/Src/KeyPad.o
 .debug_macro   0x000119c1       0x5c ./Core/Src/KeyPad.o
 .debug_macro   0x00011a1d      0x45c ./Core/Src/KeyPad.o
 .debug_macro   0x00011e79      0x9e9 ./Core/Src/KeyPad.o
 .debug_macro   0x00012862      0x115 ./Core/Src/KeyPad.o
 .debug_macro   0x00012977      0x11b ./Core/Src/KeyPad.o
 .debug_macro   0x00012a92       0xa5 ./Core/Src/KeyPad.o
 .debug_macro   0x00012b37      0x15f ./Core/Src/KeyPad.o
 .debug_macro   0x00012c96      0x287 ./Core/Src/KeyPad.o
 .debug_macro   0x00012f1d       0x5f ./Core/Src/KeyPad.o
 .debug_macro   0x00012f7c      0x236 ./Core/Src/KeyPad.o
 .debug_macro   0x000131b2      0x132 ./Core/Src/KeyPad.o
 .debug_macro   0x000132e4      0x264 ./Core/Src/KeyPad.o
 .debug_macro   0x00013548       0x2e ./Core/Src/KeyPad.o
 .debug_macro   0x00013576      0x127 ./Core/Src/KeyPad.o
 .debug_macro   0x0001369d       0x85 ./Core/Src/KeyPad.o
 .debug_macro   0x00013722       0x89 ./Core/Src/KeyPad.o
 .debug_macro   0x000137ab      0x225 ./Core/Src/KeyPad.o
 .debug_macro   0x000139d0      0x8ed ./Core/Src/KeyPad.o
 .debug_macro   0x000142bd       0x47 ./Core/Src/KeyPad.o
 .debug_macro   0x00014304      0x126 ./Core/Src/KeyPad.o
 .debug_macro   0x0001442a      0x16f ./Core/Src/KeyPad.o
 .debug_macro   0x00014599      0x15a ./Core/Src/KeyPad.o
 .debug_macro   0x000146f3       0xc9 ./Core/Src/KeyPad.o
 .debug_macro   0x000147bc       0x1c ./Core/Src/KeyPad.o
 .debug_macro   0x000147d8       0x26 ./Core/Src/KeyPad.o
 .debug_macro   0x000147fe       0x61 ./Core/Src/KeyPad.o
 .debug_macro   0x0001485f       0x2a ./Core/Src/KeyPad.o
 .debug_macro   0x00014889       0x43 ./Core/Src/KeyPad.o
 .debug_macro   0x000148cc       0x34 ./Core/Src/KeyPad.o
 .debug_macro   0x00014900       0x16 ./Core/Src/KeyPad.o
 .debug_macro   0x00014916       0x43 ./Core/Src/KeyPad.o
 .debug_macro   0x00014959       0x34 ./Core/Src/KeyPad.o
 .debug_macro   0x0001498d       0x10 ./Core/Src/KeyPad.o
 .debug_macro   0x0001499d       0x58 ./Core/Src/KeyPad.o
 .debug_macro   0x000149f5       0x8e ./Core/Src/KeyPad.o
 .debug_macro   0x00014a83       0x1c ./Core/Src/KeyPad.o
 .debug_macro   0x00014a9f      0x177 ./Core/Src/KeyPad.o
 .debug_macro   0x00014c16       0x10 ./Core/Src/KeyPad.o
 .debug_macro   0x00014c26       0x35 ./Core/Src/KeyPad.o
 .debug_macro   0x00014c5b      0x4bf ./Core/Src/KeyPad.o
 .debug_macro   0x0001511a       0xb5 ./Core/Src/KeyPad.o
 .debug_macro   0x000151cf       0xaa ./Core/Src/KeyPad.o
 .debug_macro   0x00015279       0x66 ./Core/Src/KeyPad.o
 .debug_macro   0x000152df       0x74 ./Core/Src/KeyPad.o
 .debug_macro   0x00015353       0xdd ./Core/Src/KeyPad.o
 .debug_macro   0x00015430       0x8e ./Core/Src/KeyPad.o
 .debug_macro   0x000154be       0x1c ./Core/Src/KeyPad.o
 .debug_macro   0x000154da      0x369 ./Core/Src/KeyPad.o
 .debug_macro   0x00015843       0x10 ./Core/Src/KeyPad.o
 .debug_macro   0x00015853       0x1c ./Core/Src/KeyPad.o
 .debug_macro   0x0001586f       0x16 ./Core/Src/KeyPad.o
 .debug_macro   0x00015885      0x146 ./Core/Src/KeyPad.o
 .debug_macro   0x000159cb       0x16 ./Core/Src/KeyPad.o
 .debug_macro   0x000159e1       0x20 ./Core/Src/KeyPad.o
 .debug_macro   0x00015a01      0x2f3 ./Core/Src/LED3x6.o
 .debug_macro   0x00015cf4       0x5b ./Core/Src/LED3x6.o
 .debug_macro   0x00015d4f       0x94 ./Core/Src/LED3x6.o
 .debug_macro   0x00015de3       0x16 ./Core/Src/LED3x6.o
 .debug_macro   0x00015df9       0x57 ./Core/Src/LED3x6.o
 .debug_macro   0x00015e50       0x9e ./Core/Src/LED3x6.o
 .debug_macro   0x00015eee      0x10b ./Core/Src/LED3x6.o
 .debug_macro   0x00015ff9       0x16 ./Core/Src/LED3x6.o
 .debug_macro   0x0001600f       0x56 ./Core/Src/LED3x6.o
 .debug_macro   0x00016065       0x88 ./Core/Src/LED3x6.o
 .debug_macro   0x000160ed      0x2e9 ./Core/Src/SPI_shift.o
 .debug_macro   0x000163d6      0x3a3 ./Core/Src/main.o
 .debug_macro   0x00016779      0x1dd ./Core/Src/stm32f4xx_hal_msp.o
 .debug_macro   0x00016956      0x1ce ./Core/Src/stm32f4xx_hal_timebase_tim.o
 .debug_macro   0x00016b24      0x1e7 ./Core/Src/stm32f4xx_it.o
 .debug_macro   0x00016d0b       0xff ./Core/Src/sysmem.o
 .debug_macro   0x00016e0a      0x23c ./Core/Src/sysmem.o
 .debug_macro   0x00017046      0x1ce ./Core/Src/system_stm32f4xx.o
 .debug_macro   0x00017214      0x22e ./Drivers/STM32F4xx_HAL_Driver/Src/stm32f4xx_hal.o
 .debug_macro   0x00017442      0x1ce ./Drivers/STM32F4xx_HAL_Driver/Src/stm32f4xx_hal_cortex.o
 .debug_macro   0x00017610      0x1d4 ./Drivers/STM32F4xx_HAL_Driver/Src/stm32f4xx_hal_gpio.o
 .debug_macro   0x000177e4      0x1f2 ./Drivers/STM32F4xx_HAL_Driver/Src/stm32f4xx_hal_rcc.o
 .debug_macro   0x000179d6      0x1dd ./Drivers/STM32F4xx_HAL_Driver/Src/stm32f4xx_hal_spi.o
 .debug_macro   0x00017bb3      0x1cf ./Drivers/STM32F4xx_HAL_Driver/Src/stm32f4xx_hal_tim.o
 .debug_macro   0x00017d82      0x1ce ./Drivers/STM32F4xx_HAL_Driver/Src/stm32f4xx_hal_tim_ex.o
 .debug_macro   0x00017f50      0x3d7 ./Middlewares/Third_Party/FreeRTOS/Source/CMSIS_RTOS_V2/cmsis_os2.o
 .debug_macro   0x00018327       0x10 ./Middlewares/Third_Party/FreeRTOS/Source/CMSIS_RTOS_V2/cmsis_os2.o
 .debug_macro   0x00018337       0x10 ./Middlewares/Third_Party/FreeRTOS/Source/CMSIS_RTOS_V2/cmsis_os2.o
 .debug_macro   0x00018347       0xf5 ./Middlewares/Third_Party/FreeRTOS/Source/CMSIS_RTOS_V2/cmsis_os2.o
 .debug_macro   0x0001843c       0x16 ./Middlewares/Third_Party/FreeRTOS/Source/CMSIS_RTOS_V2/cmsis_os2.o
 .debug_macro   0x00018452       0x91 ./Middlewares/Third_Party/FreeRTOS/Source/CMSIS_RTOS_V2/cmsis_os2.o
 .debug_macro   0x000184e3       0x8d ./Middlewares/Third_Party/FreeRTOS/Source/CMSIS_RTOS_V2/cmsis_os2.o
 .debug_macro   0x00018570       0x9a ./Middlewares/Third_Party/FreeRTOS/Source/CMSIS_RTOS_V2/cmsis_os2.o
 .debug_macro   0x0001860a       0x22 ./Middlewares/Third_Party/FreeRTOS/Source/CMSIS_RTOS_V2/cmsis_os2.o
 .debug_macro   0x0001862c      0x199 ./Middlewares/Third_Party/FreeRTOS/Source/list.o
 .debug_macro   0x000187c5      0x228 ./Middlewares/Third_Party/FreeRTOS/Source/queue.o
 .debug_macro   0x000189ed       0x87 ./Middlewares/Third_Party/FreeRTOS/Source/queue.o
 .debug_macro   0x00018a74      0x291 ./Middlewares/Third_Party/FreeRTOS/Source/tasks.o
 .debug_macro   0x00018d05       0x10 ./Middlewares/Third_Party/FreeRTOS/Source/tasks.o
 .debug_macro   0x00018d15      0x1ee ./Middlewares/Third_Party/FreeRTOS/Source/timers.o
 .debug_macro   0x00018f03       0x97 ./Middlewares/Third_Party/FreeRTOS/Source/timers.o
 .debug_macro   0x00018f9a      0x233 ./Middlewares/Third_Party/FreeRTOS/Source/portable/GCC/ARM_CM4F/port.o
 .debug_macro   0x000191cd      0x1c0 ./Middlewares/Third_Party/FreeRTOS/Source/portable/MemMang/heap_4.o
