../Core/Src/KeyPad.c:91:6:vBlinkTimerCallback	16	static
../Core/Src/KeyPad.c:109:6:StopBlinking	16	static
../Core/Src/KeyPad.c:114:6:KeyPad_Init	8	static
../Core/Src/KeyPad.c:118:9:ScanColumns	16	static
../Core/Src/KeyPad.c:156:9:KeyPad_Scan	16	static
../Core/Src/KeyPad.c:187:6:formatTotalLiters	24	static
../Core/Src/KeyPad.c:202:6:formatTotalLitersShift	24	static
../Core/Src/KeyPad.c:217:6:formatFloat	32	static
../Core/Src/KeyPad.c:225:6:setOrderPrice	24	static
../Core/Src/KeyPad.c:230:6:setOrderLiter	16	static
../Core/Src/KeyPad.c:234:6:IdleEnv	4	static
../Core/Src/KeyPad.c:239:6:setIdle	8	static
../Core/Src/KeyPad.c:250:6:KeyLogic	16	static
../Core/Src/KeyPad.c:516:6:KeyLogic_Action	72	static
