../Core/Src/KeyPad.c:92:6:vBlinkTimerCallback	16	static
../Core/Src/KeyPad.c:110:6:StopBlinking	16	static
../Core/Src/KeyPad.c:115:6:KeyPad_Init	8	static
../Core/Src/KeyPad.c:119:9:ScanColumns	16	static
../Core/Src/KeyPad.c:157:9:KeyPad_Scan	16	static
../Core/Src/KeyPad.c:188:6:formatTotalLiters	24	static
../Core/Src/KeyPad.c:203:6:formatTotalLitersShift	24	static
../Core/Src/KeyPad.c:218:6:formatFloat	32	static
../Core/Src/KeyPad.c:226:6:setOrderPrice	24	static
../Core/Src/KeyPad.c:231:6:setOrderLiter	16	static
../Core/Src/KeyPad.c:235:6:IdleEnv	4	static
../Core/Src/KeyPad.c:240:6:setIdle	8	static
../Core/Src/KeyPad.c:251:6:KeyLogic	16	static
../Core/Src/KeyPad.c:527:6:KeyLogic_Action	96	static
