../Core/Src/main.c:89:6:ShiftOut_SPI	24	static,ignoring_inline_asm
../Core/Src/main.c:105:10:SevenSegLEDsHandler	16	static
../Core/Src/main.c:142:6:UpdateDisplayBuffer	24	static
../Core/Src/main.c:175:6:SevenSegLEDsScan	16	static,ignoring_inline_asm
../Core/Src/main.c:195:5:main	8	static
../Core/Src/main.c:280:6:SystemClock_Config	88	static
../Core/Src/main.c:327:13:MX_SPI1_Init	8	static
../Core/Src/main.c:365:13:MX_SPI2_Init	8	static
../Core/Src/main.c:403:13:MX_GPIO_Init	48	static
../Core/Src/main.c:461:6:Led3x6Run	24	static
../Core/Src/main.c:487:6:KeyPad4x5Run	16	static
../Core/Src/main.c:506:6:HAL_TIM_PeriodElapsedCallback	16	static
../Core/Src/main.c:523:6:Error_Handler	4	static,ignoring_inline_asm
